Copyright 1986-2022 Xilinx, Inc. All Rights Reserved. Copyright 2022-2026 Advanced Micro Devices, Inc. All Rights Reserved.
---------------------------------------------------------------------------------------------------------------------------------------------
| Tool Version : Vivado v.2026.1 (win64) Build 6511674 Tue Jun 16 11:02:23 MDT 2026
| Date         : Tue Aug 11 19:35:36 2026
| Host         : DESKTOP-3RVCKQ3 running 64-bit major release  (build 9200)
| Command      : report_control_sets -verbose -file phase3_top_control_sets_placed.rpt
| Design       : phase3_top
| Device       : xc7z020
---------------------------------------------------------------------------------------------------------------------------------------------

Control Set Information

Table of Contents
-----------------
1. Summary
2. Histogram
3. Flip-Flop Distribution
4. Detailed Control Set Information

1. Summary
----------

+----------------------------------------------------------+-------+
|                          Status                          | Count |
+----------------------------------------------------------+-------+
| Total control sets                                       |    12 |
|    Minimum number of control sets                        |    12 |
|    Addition due to synthesis replication                 |     0 |
|    Addition due to physical synthesis replication        |     0 |
| Unused register locations in slices containing registers |    24 |
+----------------------------------------------------------+-------+
* Control sets can be merged at opt_design using control_set_merge or merge_equivalent_drivers
** Run report_qor_suggestions for automated merging and remapping suggestions


2. Histogram
------------

+--------------------+-------+
|       Fanout       | Count |
+--------------------+-------+
| Total control sets |    12 |
| >= 0 to < 4        |     2 |
| >= 4 to < 6        |     2 |
| >= 6 to < 8        |     0 |
| >= 8 to < 10       |     0 |
| >= 10 to < 12      |     0 |
| >= 12 to < 14      |     0 |
| >= 14 to < 16      |     0 |
| >= 16              |     8 |
+--------------------+-------+
* Control sets can be remapped at either synth_design or opt_design


3. Flip-Flop Distribution
-------------------------

+--------------+-----------------------+------------------------+-----------------+--------------+
| Clock Enable | Synchronous Set/Reset | Asynchronous Set/Reset | Total Registers | Total Slices |
+--------------+-----------------------+------------------------+-----------------+--------------+
| No           | No                    | No                     |               0 |            0 |
| No           | No                    | Yes                    |              18 |           11 |
| No           | Yes                   | No                     |               0 |            0 |
| Yes          | No                    | No                     |               0 |            0 |
| Yes          | No                    | Yes                    |             286 |           67 |
| Yes          | Yes                   | No                     |               0 |            0 |
+--------------+-----------------------+------------------------+-----------------+--------------+


4. Detailed Control Set Information
-----------------------------------

+-----------------------+---------------------------------+-----------------------------+------------------+----------------+--------------+
|      Clock Signal     |          Enable Signal          |       Set/Reset Signal      | Slice Load Count | Bel Load Count | Bels / Slice |
+-----------------------+---------------------------------+-----------------------------+------------------+----------------+--------------+
|  u_mmcm/inst/clk_out1 |                                 | u_rst_sync/rst_meta_i_1_n_0 |                1 |              2 |         2.00 |
|  u_mmcm/inst/clk_out1 | u_rx_ja/sclk_r_reg_0            | u_div/rst_sync_reg          |                1 |              2 |         2.00 |
|  u_mmcm/inst/clk_out1 | u_rx_ja/bit_counter[4]_i_1_n_0  | u_div/rst_sync_reg          |                2 |              5 |         2.50 |
|  u_mmcm/inst/clk_out1 | u_rx_ja/bit_counter_reg[4]_0[0] | u_div/rst_sync_reg          |                2 |              5 |         2.50 |
|  u_mmcm/inst/clk_out1 |                                 | u_div/rst_sync_reg          |               10 |             16 |         1.60 |
|  u_mmcm/inst/clk_out1 | u_rx_ja/shift_reg[23]_i_1_n_0   | u_div/rst_sync_reg          |                4 |             24 |         6.00 |
|  u_mmcm/inst/clk_out1 | u_rx_ja/channel_prev_reg_0[0]   | u_div/rst_sync_reg          |                8 |             24 |         3.00 |
|  u_mmcm/inst/clk_out1 | u_rx_ja/sclk_prev_reg_0[0]      | u_div/rst_sync_reg          |                5 |             24 |         4.80 |
|  u_mmcm/inst/clk_out1 | u_rx_ja/bit_counter_reg[3]_0[0] | u_div/rst_sync_reg          |                9 |             29 |         3.22 |
|  u_mmcm/inst/clk_out1 | u_rx_ja/bit_counter_reg[3]_1[0] | u_div/rst_sync_reg          |                9 |             29 |         3.22 |
|  u_mmcm/inst/clk_out1 | u_rx_ja/channel_prev_reg_1[0]   | u_div/rst_sync_reg          |               12 |             48 |         4.00 |
|  u_mmcm/inst/clk_out1 | u_rx_ja/E[0]                    | u_div/rst_sync_reg          |               15 |             96 |         6.40 |
+-----------------------+---------------------------------+-----------------------------+------------------+----------------+--------------+


