
*** Running vivado
    with args -log phase3_top.vdi -applog -m64 -product Vivado -messageDb vivado.pb -mode batch -source phase3_top.tcl -notrace


INFO: [Common 17-3922] A valid Vivado Design Suite BASIC license has been detected. Your current license is active and will expire on 02-aug-2027.
#-----------------------------------------------------------
# Vivado v2026.1 (64-bit)
# SW Build 6511674 on Tue Jun 16 11:02:23 MDT 2026
# IP Build 6504888 on Tue Jun 09 09:05:25 MDT 2026
# SharedData Build 6501428 on Mon Jun 08 17:34:18 MDT 2026
# Start of session at: Fri Aug 14 17:53:59 2026
# Process ID         : 23328
# Current directory  : C:/Users/Alex/Desktop/FPGAmixer_main/FPGAmixer/vivado_project/FPGAmixer.runs/impl_1
# Command line       : vivado.exe -log phase3_top.vdi -applog -product Vivado -messageDb vivado.pb -mode batch -source phase3_top.tcl -notrace
# Log file           : C:/Users/Alex/Desktop/FPGAmixer_main/FPGAmixer/vivado_project/FPGAmixer.runs/impl_1/phase3_top.vdi
# Journal file       : C:/Users/Alex/Desktop/FPGAmixer_main/FPGAmixer/vivado_project/FPGAmixer.runs/impl_1\vivado.jou
# Running On         : DESKTOP-3RVCKQ3
# Platform           : Windows 11
# Operating System   : 26200
# Processor Detail   : AMD Ryzen 7 4800H with Radeon Graphics         
# CPU Frequency      : 2894 MHz
# CPU Physical cores : 8
# CPU Logical cores  : 16
# Host memory        : 16505 MB
# Swap memory        : 9126 MB
# Total Virtual      : 25632 MB
# Available Virtual  : 10286 MB
#-----------------------------------------------------------

****** Vivado v2026.1 (64-bit)
  **** SW Build 6511674 on Tue Jun 16 11:02:23 MDT 2026
  **** IP Build 6504888 on Tue Jun 09 09:05:25 MDT 2026
  **** SharedData Build 6501428 on Mon Jun 08 17:34:18 MDT 2026
  **** Start of session at: Fri Aug 14 17:53:59 2026
    ** Copyright 1986-2022 Xilinx, Inc. All Rights Reserved.
    ** Copyright 2022-2026 Advanced Micro Devices, Inc. All Rights Reserved.

source phase3_top.tcl -notrace
create_project: Time (s): cpu = 00:00:14 ; elapsed = 00:00:10 . Memory (MB): peak = 582.191 ; gain = 269.914
Command: link_design -top phase3_top -part xc7z020clg400-1
Design is defaulting to srcset: sources_1
Design is defaulting to constrset: constrs_1
INFO: [Device 21-403] Loading part xc7z020clg400-1
INFO: [Project 1-5699] Read binary netlist with skipMacroContent - 1
INFO: [Project 1-454] Reading design checkpoint 'c:/Users/Alex/Desktop/FPGAmixer_main/FPGAmixer/vivado_project/FPGAmixer.gen/sources_1/ip/clk_wiz_audio/clk_wiz_audio.dcp' for cell 'u_mmcm'
Netlist sorting complete. Time (s): cpu = 00:00:00 ; elapsed = 00:00:00.003 . Memory (MB): peak = 842.094 ; gain = 0.000
INFO: [Netlist 29-17] Analyzing 25 Unisim elements for replacement
INFO: [Netlist 29-28] Unisim Transformation completed in 0 CPU seconds
INFO: [Project 1-479] Netlist was created with Vivado 2026.1
INFO: [Project 1-570] Preparing netlist for logic optimization
Parsing XDC File [c:/Users/Alex/Desktop/FPGAmixer_main/FPGAmixer/vivado_project/FPGAmixer.gen/sources_1/ip/clk_wiz_audio/clk_wiz_audio_board.xdc] for cell 'u_mmcm/inst'
Finished Parsing XDC File [c:/Users/Alex/Desktop/FPGAmixer_main/FPGAmixer/vivado_project/FPGAmixer.gen/sources_1/ip/clk_wiz_audio/clk_wiz_audio_board.xdc] for cell 'u_mmcm/inst'
Parsing XDC File [c:/Users/Alex/Desktop/FPGAmixer_main/FPGAmixer/vivado_project/FPGAmixer.gen/sources_1/ip/clk_wiz_audio/clk_wiz_audio.xdc] for cell 'u_mmcm/inst'
INFO: [Timing 38-35] Done setting XDC timing constraints. [c:/Users/Alex/Desktop/FPGAmixer_main/FPGAmixer/vivado_project/FPGAmixer.gen/sources_1/ip/clk_wiz_audio/clk_wiz_audio.xdc:54]
INFO: [Timing 38-2] Deriving generated clocks [c:/Users/Alex/Desktop/FPGAmixer_main/FPGAmixer/vivado_project/FPGAmixer.gen/sources_1/ip/clk_wiz_audio/clk_wiz_audio.xdc:54]
get_clocks: Time (s): cpu = 00:00:06 ; elapsed = 00:00:08 . Memory (MB): peak = 1551.871 ; gain = 576.512
Finished Parsing XDC File [c:/Users/Alex/Desktop/FPGAmixer_main/FPGAmixer/vivado_project/FPGAmixer.gen/sources_1/ip/clk_wiz_audio/clk_wiz_audio.xdc] for cell 'u_mmcm/inst'
Parsing XDC File [C:/Users/Alex/Desktop/FPGAmixer_main/FPGAmixer/constraints/phase3_arty_z7.xdc]
Finished Parsing XDC File [C:/Users/Alex/Desktop/FPGAmixer_main/FPGAmixer/constraints/phase3_arty_z7.xdc]
INFO: [Opt 31-138] Pushed 0 inverter(s) to 0 load pin(s).
Netlist sorting complete. Time (s): cpu = 00:00:00 ; elapsed = 00:00:00 . Memory (MB): peak = 1551.871 ; gain = 0.000
INFO: [Project 1-111] Unisim Transformation Summary:
No Unisim elements were transformed.

11 Infos, 0 Warnings, 0 Critical Warnings and 0 Errors encountered.
link_design completed successfully
link_design: Time (s): cpu = 00:00:12 ; elapsed = 00:00:15 . Memory (MB): peak = 1551.871 ; gain = 948.148
Command: opt_design
Attempting to get a license for feature 'Vivado_Implementation' and/or device 'xc7z020'
INFO: [Common 17-349] Got license for feature 'Vivado_Implementation' and/or device 'xc7z020'
Running DRC as a precondition to command opt_design

Starting DRC Task
INFO: [DRC 23-27] Running DRC with 2 threads
INFO: [Project 1-461] DRC finished with 0 Errors
INFO: [Project 1-462] Please refer to the DRC report (report_drc) for more information.

Time (s): cpu = 00:00:02 ; elapsed = 00:00:01 . Memory (MB): peak = 1551.871 ; gain = 0.000

Starting Cache Timing Information Task
INFO: [Timing 38-35] Done setting XDC timing constraints.
INFO: [Timing 38-2] Deriving generated clocks
Ending Cache Timing Information Task | Checksum: 23471b4b0

Time (s): cpu = 00:00:00 ; elapsed = 00:00:00.056 . Memory (MB): peak = 1572.250 ; gain = 20.379

Starting Logic Optimization Task

Phase 1 Initialization

Phase 1.1 Core Generation And Design Setup
Phase 1.1 Core Generation And Design Setup | Checksum: 23471b4b0

Time (s): cpu = 00:00:00 ; elapsed = 00:00:00.005 . Memory (MB): peak = 2064.672 ; gain = 0.000

Phase 1.2 Setup Constraints And Sort Netlist
Phase 1.2 Setup Constraints And Sort Netlist | Checksum: 23471b4b0

Time (s): cpu = 00:00:00 ; elapsed = 00:00:00.013 . Memory (MB): peak = 2064.672 ; gain = 0.000
Phase 1 Initialization | Checksum: 23471b4b0

Time (s): cpu = 00:00:00 ; elapsed = 00:00:00.015 . Memory (MB): peak = 2064.672 ; gain = 0.000

Phase 2 Timer Update And Timing Data Collection

Phase 2.1 Detect if minReqCache needed
Phase 2.1 Detect if minReqCache needed | Checksum: 23471b4b0

Time (s): cpu = 00:00:00 ; elapsed = 00:00:00.036 . Memory (MB): peak = 2064.715 ; gain = 0.043

Phase 2.2 Timer Update
Phase 2.2 Timer Update | Checksum: 23471b4b0

Time (s): cpu = 00:00:00 ; elapsed = 00:00:00.088 . Memory (MB): peak = 2064.715 ; gain = 0.043

Phase 2.3 Timing Data Collection
Phase 2.3 Timing Data Collection | Checksum: 23471b4b0

Time (s): cpu = 00:00:00 ; elapsed = 00:00:00.090 . Memory (MB): peak = 2064.715 ; gain = 0.043
Phase 2 Timer Update And Timing Data Collection | Checksum: 23471b4b0

Time (s): cpu = 00:00:00 ; elapsed = 00:00:00.091 . Memory (MB): peak = 2064.715 ; gain = 0.043

Phase 3 Retarget
INFO: [Opt 31-1851] Number of loadless carry chains removed were: 0
INFO: [Opt 31-1834] Total Chains To Be Transformed Were: 0 AND Number of Transformed insts Created are: 0
INFO: [Opt 31-138] Pushed 0 inverter(s) to 0 load pin(s).
INFO: [Opt 31-49] Retargeted 0 cell(s).
Phase 3 Retarget | Checksum: 23471b4b0

Time (s): cpu = 00:00:00 ; elapsed = 00:00:00.131 . Memory (MB): peak = 2064.715 ; gain = 0.043
Retarget | Checksum: 23471b4b0
INFO: [Opt 31-389] Phase Retarget created 0 cells and removed 0 cells
INFO: [Opt 31-1021] In phase Retarget, 1 netlist objects are constrained preventing optimization. Please run opt_design with -debug_log to get more detail. 

Phase 4 Constant propagation
INFO: [Opt 31-138] Pushed 0 inverter(s) to 0 load pin(s).
Phase 4 Constant propagation | Checksum: 23471b4b0

Time (s): cpu = 00:00:00 ; elapsed = 00:00:00.149 . Memory (MB): peak = 2064.715 ; gain = 0.043
Constant propagation | Checksum: 23471b4b0
INFO: [Opt 31-389] Phase Constant propagation created 0 cells and removed 0 cells

Phase 5 Sweep
INFO: [Constraints 18-11670] Building netlist checker database with flags, 0x8
Done building netlist checker database: Time (s): cpu = 00:00:00 ; elapsed = 00:00:00 . Memory (MB): peak = 2064.715 ; gain = 0.000
Phase 5 Sweep | Checksum: 21f18430b

Time (s): cpu = 00:00:00 ; elapsed = 00:00:00.171 . Memory (MB): peak = 2064.715 ; gain = 0.043
Sweep | Checksum: 21f18430b
INFO: [Opt 31-389] Phase Sweep created 0 cells and removed 0 cells

Phase 6 BUFG optimization
Phase 6 BUFG optimization | Checksum: 21f18430b

Time (s): cpu = 00:00:00 ; elapsed = 00:00:00.210 . Memory (MB): peak = 2064.715 ; gain = 0.043
BUFG optimization | Checksum: 21f18430b
INFO: [Opt 31-662] Phase BUFG optimization created 0 cells of which 0 are BUFGs and removed 0 cells.

Phase 7 Shift Register Optimization
INFO: [Opt 31-1064] SRL Remap converted 0 SRLs to 0 registers and converted 0 registers of register chains to 0 SRLs
Phase 7 Shift Register Optimization | Checksum: 21f18430b

Time (s): cpu = 00:00:00 ; elapsed = 00:00:00.217 . Memory (MB): peak = 2064.715 ; gain = 0.043
Shift Register Optimization | Checksum: 21f18430b
INFO: [Opt 31-389] Phase Shift Register Optimization created 0 cells and removed 0 cells

Phase 8 Post Processing Netlist
Phase 8 Post Processing Netlist | Checksum: 21f18430b

Time (s): cpu = 00:00:00 ; elapsed = 00:00:00.229 . Memory (MB): peak = 2064.715 ; gain = 0.043
Post Processing Netlist | Checksum: 21f18430b
INFO: [Opt 31-389] Phase Post Processing Netlist created 0 cells and removed 0 cells

Phase 9 Finalization

Phase 9.1 Finalizing Design Cores and Updating Shapes
Phase 9.1 Finalizing Design Cores and Updating Shapes | Checksum: 24e09a7c2

Time (s): cpu = 00:00:00 ; elapsed = 00:00:00.251 . Memory (MB): peak = 2064.715 ; gain = 0.043

Phase 9.2 Verifying Netlist Connectivity

Starting Connectivity Check Task

Time (s): cpu = 00:00:00 ; elapsed = 00:00:00.012 . Memory (MB): peak = 2064.715 ; gain = 0.000
Phase 9.2 Verifying Netlist Connectivity | Checksum: 24e09a7c2

Time (s): cpu = 00:00:00 ; elapsed = 00:00:00.267 . Memory (MB): peak = 2064.715 ; gain = 0.043
Phase 9 Finalization | Checksum: 24e09a7c2

Time (s): cpu = 00:00:00 ; elapsed = 00:00:00.268 . Memory (MB): peak = 2064.715 ; gain = 0.043
Opt_design Change Summary
=========================


-------------------------------------------------------------------------------------------------------------------------
|  Phase                        |  #Cells created  |  #Cells Removed  |  #Constrained objects preventing optimizations  |
-------------------------------------------------------------------------------------------------------------------------
|  Retarget                     |               0  |               0  |                                              1  |
|  Constant propagation         |               0  |               0  |                                              0  |
|  Sweep                        |               0  |               0  |                                              0  |
|  BUFG optimization            |               0  |               0  |                                              0  |
|  Shift Register Optimization  |               0  |               0  |                                              0  |
|  Post Processing Netlist      |               0  |               0  |                                              0  |
-------------------------------------------------------------------------------------------------------------------------


Ending Logic Optimization Task | Checksum: 24e09a7c2

Time (s): cpu = 00:00:00 ; elapsed = 00:00:00.274 . Memory (MB): peak = 2064.715 ; gain = 0.043

Starting Power Optimization Task
INFO: [Pwropt 34-132] Skipping clock gating for clocks with a period < 2.00 ns.
Ending Power Optimization Task | Checksum: 24e09a7c2

Time (s): cpu = 00:00:00 ; elapsed = 00:00:00.045 . Memory (MB): peak = 2064.715 ; gain = 0.000

Starting Final Cleanup Task
Ending Final Cleanup Task | Checksum: 24e09a7c2

Time (s): cpu = 00:00:00 ; elapsed = 00:00:00.003 . Memory (MB): peak = 2064.715 ; gain = 0.000
Netlist sorting complete. Time (s): cpu = 00:00:00 ; elapsed = 00:00:00.001 . Memory (MB): peak = 2064.715 ; gain = 0.000
INFO: [Common 17-83] Releasing license: Vivado_Implementation
33 Infos, 0 Warnings, 0 Critical Warnings and 0 Errors encountered.
opt_design completed successfully
opt_design: Time (s): cpu = 00:00:07 ; elapsed = 00:00:08 . Memory (MB): peak = 2064.715 ; gain = 512.844
INFO: [Vivado 12-24828] Executing command : report_drc -file phase3_top_drc_opted.rpt -pb phase3_top_drc_opted.pb -rpx phase3_top_drc_opted.rpx
Command: report_drc -file phase3_top_drc_opted.rpt -pb phase3_top_drc_opted.pb -rpx phase3_top_drc_opted.rpx
INFO: [IP_Flow 19-1839] IP Catalog is up to date.
INFO: [DRC 23-27] Running DRC with 2 threads
INFO: [Vivado_Tcl 2-168] The results of DRC are in file C:/Users/Alex/Desktop/FPGAmixer_main/FPGAmixer/vivado_project/FPGAmixer.runs/impl_1/phase3_top_drc_opted.rpt.
report_drc completed successfully
INFO: [Timing 38-480] Writing timing data to binary archive.
Wrote PlaceDB: Time (s): cpu = 00:00:00 ; elapsed = 00:00:00 . Memory (MB): peak = 2064.715 ; gain = 0.000
Write ShapeDB Complete: Time (s): cpu = 00:00:00 ; elapsed = 00:00:00.005 . Memory (MB): peak = 2064.715 ; gain = 0.000
Wrote PulsedLatchDB: Time (s): cpu = 00:00:00 ; elapsed = 00:00:00.002 . Memory (MB): peak = 2064.715 ; gain = 0.000
Writing XDEF routing.
Writing XDEF routing logical nets.
Writing XDEF routing special nets.
Wrote RouteStorage: Time (s): cpu = 00:00:00 ; elapsed = 00:00:00.033 . Memory (MB): peak = 2064.715 ; gain = 0.000
Wrote PlaceStorage: Time (s): cpu = 00:00:00 ; elapsed = 00:00:00.002 . Memory (MB): peak = 2064.715 ; gain = 0.000
Wrote Netlist Cache: Time (s): cpu = 00:00:00 ; elapsed = 00:00:00 . Memory (MB): peak = 2064.715 ; gain = 0.000
Wrote Device Cache: Time (s): cpu = 00:00:00 ; elapsed = 00:00:00.014 . Memory (MB): peak = 2064.715 ; gain = 0.000
Write Physdb Complete: Time (s): cpu = 00:00:00 ; elapsed = 00:00:00.065 . Memory (MB): peak = 2064.715 ; gain = 0.000
INFO: [Common 17-1381] The checkpoint 'C:/Users/Alex/Desktop/FPGAmixer_main/FPGAmixer/vivado_project/FPGAmixer.runs/impl_1/phase3_top_opt.dcp' has been generated.
Command: place_design
Attempting to get a license for feature 'Vivado_Implementation' and/or device 'xc7z020'
INFO: [Common 17-349] Got license for feature 'Vivado_Implementation' and/or device 'xc7z020'
INFO: [Common 17-83] Releasing license: Vivado_Implementation
INFO: [Timing 38-35] Done setting XDC timing constraints.
Running DRC as a precondition to command place_design
INFO: [DRC 23-27] Running DRC with 2 threads
INFO: [Vivado_Tcl 4-198] DRC finished with 0 Errors
INFO: [Vivado_Tcl 4-199] Please refer to the DRC report (report_drc) for more information.
INFO: [Place 30-611] Multithreading enabled for place_design using a maximum of 2 CPUs

Starting Placer Task

Phase 1 Placer Initialization

Phase 1.1 Placer Initialization Netlist Sorting
Netlist sorting complete. Time (s): cpu = 00:00:00 ; elapsed = 00:00:00 . Memory (MB): peak = 2064.715 ; gain = 0.000
Phase 1.1 Placer Initialization Netlist Sorting | Checksum: 19ec9289a

Time (s): cpu = 00:00:00 ; elapsed = 00:00:00.012 . Memory (MB): peak = 2064.715 ; gain = 0.000
Netlist sorting complete. Time (s): cpu = 00:00:00 ; elapsed = 00:00:00 . Memory (MB): peak = 2064.715 ; gain = 0.000

Phase 1.2 IO Placement/ Clock Placement/ Build Placer Device
Phase 1.2 IO Placement/ Clock Placement/ Build Placer Device | Checksum: 12a0365e5

Time (s): cpu = 00:00:01 ; elapsed = 00:00:00.392 . Memory (MB): peak = 2064.715 ; gain = 0.000

Phase 1.3 Build Placer Netlist Model
Phase 1.3 Build Placer Netlist Model | Checksum: 17c7a4392

Time (s): cpu = 00:00:01 ; elapsed = 00:00:00.725 . Memory (MB): peak = 2064.715 ; gain = 0.000

Phase 1.4 Constrain Clocks/Macros
Phase 1.4 Constrain Clocks/Macros | Checksum: 17c7a4392

Time (s): cpu = 00:00:01 ; elapsed = 00:00:00.735 . Memory (MB): peak = 2064.715 ; gain = 0.000
Phase 1 Placer Initialization | Checksum: 17c7a4392

Time (s): cpu = 00:00:01 ; elapsed = 00:00:00.758 . Memory (MB): peak = 2064.715 ; gain = 0.000

Phase 2 Global Placement

Phase 2.1 Floorplanning
Phase 2.1 Floorplanning | Checksum: 13f440598

Time (s): cpu = 00:00:01 ; elapsed = 00:00:00.903 . Memory (MB): peak = 2064.715 ; gain = 0.000

Phase 2.2 Update Timing before SLR Path Opt
Phase 2.2 Update Timing before SLR Path Opt | Checksum: 1349f34a6

Time (s): cpu = 00:00:02 ; elapsed = 00:00:01 . Memory (MB): peak = 2064.715 ; gain = 0.000

Phase 2.3 Post-Processing in Floorplanning
Phase 2.3 Post-Processing in Floorplanning | Checksum: 1349f34a6

Time (s): cpu = 00:00:02 ; elapsed = 00:00:01 . Memory (MB): peak = 2064.715 ; gain = 0.000

Phase 2.4 Global Place Phase1
Phase 2.4 Global Place Phase1 | Checksum: 159d69d8e

Time (s): cpu = 00:00:03 ; elapsed = 00:00:02 . Memory (MB): peak = 2064.715 ; gain = 0.000

Phase 2.5 Global Place Phase2

Phase 2.5.1 UpdateTiming Before Physical Synthesis
Phase 2.5.1 UpdateTiming Before Physical Synthesis | Checksum: 159d69d8e

Time (s): cpu = 00:00:03 ; elapsed = 00:00:02 . Memory (MB): peak = 2064.715 ; gain = 0.000

Phase 2.5.2 Physical Synthesis In Placer
INFO: [Physopt 32-1035] Found 0 LUTNM shape to break, 2 LUT instances to create LUTNM shape
INFO: [Physopt 32-1044] Break lutnm for timing: one critical 0, two critical 0, total 0, new lutff created 0
INFO: [Physopt 32-1138] End 1 Pass. Optimized 1 net or LUT. Breaked 0 LUT, combined 1 existing LUT and moved 0 existing LUT
INFO: [Physopt 32-65] No nets found for high-fanout optimization.
INFO: [Physopt 32-232] Optimized 0 net. Created 0 new instance.
INFO: [Physopt 32-775] End 1 Pass. Optimized 0 net or cell. Created 0 new cell, deleted 0 existing cell and moved 0 existing cell
INFO: [Physopt 32-670] No setup violation found.  DSP Register Optimization was not performed.
INFO: [Physopt 32-670] No setup violation found.  Shift Register to Pipeline Optimization was not performed.
INFO: [Physopt 32-670] No setup violation found.  Shift Register Optimization was not performed.
INFO: [Physopt 32-670] No setup violation found.  BRAM Register Optimization was not performed.
INFO: [Physopt 32-670] No setup violation found.  URAM Register Optimization was not performed.
INFO: [Physopt 32-949] No candidate nets found for dynamic/static region interface net replication
INFO: [Physopt 32-775] End 1 Pass. Optimized 0 net or cell. Created 0 new cell, deleted 0 existing cell and moved 0 existing cell
Netlist sorting complete. Time (s): cpu = 00:00:00 ; elapsed = 00:00:00 . Memory (MB): peak = 2064.715 ; gain = 0.000

Summary of Physical Synthesis Optimizations
============================================


-----------------------------------------------------------------------------------------------------------------------------------------------------------
|  Optimization                                     |  Added Cells  |  Removed Cells  |  Optimized Cells/Nets  |  Dont Touch  |  Iterations  |  Elapsed   |
-----------------------------------------------------------------------------------------------------------------------------------------------------------
|  LUT Combining                                    |            0  |              1  |                     1  |           0  |           1  |  00:00:00  |
|  Retime                                           |            0  |              0  |                     0  |           0  |           1  |  00:00:00  |
|  Very High Fanout                                 |            0  |              0  |                     0  |           0  |           1  |  00:00:00  |
|  DSP Register                                     |            0  |              0  |                     0  |           0  |           0  |  00:00:00  |
|  Shift Register to Pipeline                       |            0  |              0  |                     0  |           0  |           0  |  00:00:00  |
|  Shift Register                                   |            0  |              0  |                     0  |           0  |           0  |  00:00:00  |
|  BRAM Register                                    |            0  |              0  |                     0  |           0  |           0  |  00:00:00  |
|  URAM Register                                    |            0  |              0  |                     0  |           0  |           0  |  00:00:00  |
|  Dynamic/Static Region Interface Net Replication  |            0  |              0  |                     0  |           0  |           1  |  00:00:00  |
|  Total                                            |            0  |              1  |                     1  |           0  |           4  |  00:00:00  |
-----------------------------------------------------------------------------------------------------------------------------------------------------------


Phase 2.5.2 Physical Synthesis In Placer | Checksum: 2508d0c79

Time (s): cpu = 00:00:03 ; elapsed = 00:00:02 . Memory (MB): peak = 2064.715 ; gain = 0.000
Phase 2.5 Global Place Phase2 | Checksum: 25413e3ee

Time (s): cpu = 00:00:03 ; elapsed = 00:00:02 . Memory (MB): peak = 2064.715 ; gain = 0.000
Phase 2 Global Placement | Checksum: 25413e3ee

Time (s): cpu = 00:00:03 ; elapsed = 00:00:02 . Memory (MB): peak = 2064.715 ; gain = 0.000

Phase 3 Detail Placement

Phase 3.1 Commit Multi Column Macros
Phase 3.1 Commit Multi Column Macros | Checksum: 24cff4ad0

Time (s): cpu = 00:00:04 ; elapsed = 00:00:02 . Memory (MB): peak = 2064.715 ; gain = 0.000

Phase 3.2 Commit Most Macros & LUTRAMs
Phase 3.2 Commit Most Macros & LUTRAMs | Checksum: 2700abd08

Time (s): cpu = 00:00:04 ; elapsed = 00:00:03 . Memory (MB): peak = 2064.715 ; gain = 0.000

Phase 3.3 Area Swap Optimization
Phase 3.3 Area Swap Optimization | Checksum: 2aa870bdf

Time (s): cpu = 00:00:04 ; elapsed = 00:00:03 . Memory (MB): peak = 2064.715 ; gain = 0.000

Phase 3.4 Pipeline Register Optimization
Phase 3.4 Pipeline Register Optimization | Checksum: 1decfda63

Time (s): cpu = 00:00:04 ; elapsed = 00:00:03 . Memory (MB): peak = 2064.715 ; gain = 0.000

Phase 3.5 Small Shape Detail Placement
Phase 3.5 Small Shape Detail Placement | Checksum: 1bd58a14a

Time (s): cpu = 00:00:04 ; elapsed = 00:00:03 . Memory (MB): peak = 2064.715 ; gain = 0.000

Phase 3.6 Re-assign LUT pins
Phase 3.6 Re-assign LUT pins | Checksum: 168f27ed1

Time (s): cpu = 00:00:04 ; elapsed = 00:00:03 . Memory (MB): peak = 2064.715 ; gain = 0.000

Phase 3.7 Pipeline Register Optimization
Phase 3.7 Pipeline Register Optimization | Checksum: 222c74f55

Time (s): cpu = 00:00:04 ; elapsed = 00:00:03 . Memory (MB): peak = 2064.715 ; gain = 0.000
Phase 3 Detail Placement | Checksum: 222c74f55

Time (s): cpu = 00:00:04 ; elapsed = 00:00:03 . Memory (MB): peak = 2064.715 ; gain = 0.000

Phase 4 Post Placement Optimization and Clean-Up

Phase 4.1 Post Commit Optimization
INFO: [Timing 38-35] Done setting XDC timing constraints.

Phase 4.1.1 Post Placement Optimization
Post Placement Optimization Initialization | Checksum: 192be7eb3

Phase 4.1.1.1 BUFG Insertion

Starting Physical Synthesis Task

Phase 1 Physical Synthesis Initialization
INFO: [Physopt 32-721] Multithreading enabled for phys_opt_design using a maximum of 2 CPUs
INFO: [Physopt 32-619] Estimated Timing Summary | WNS=77.148 | TNS=0.000 |
Phase 1 Physical Synthesis Initialization | Checksum: 1d3dc9043

Time (s): cpu = 00:00:00 ; elapsed = 00:00:00.052 . Memory (MB): peak = 2064.715 ; gain = 0.000
INFO: [Place 46-56] BUFG insertion identified 0 candidate nets. Inserted BUFG: 0, Replicated BUFG Driver: 0, Skipped due to Placement/Routing Conflicts: 0, Skipped due to Timing Degradation: 0, Skipped due to netlist editing failed: 0.
Ending Physical Synthesis Task | Checksum: 1ef5f6e70

Time (s): cpu = 00:00:00 ; elapsed = 00:00:00.060 . Memory (MB): peak = 2064.715 ; gain = 0.000
Phase 4.1.1.1 BUFG Insertion | Checksum: 192be7eb3

Time (s): cpu = 00:00:05 ; elapsed = 00:00:04 . Memory (MB): peak = 2064.715 ; gain = 0.000

Phase 4.1.1.2 Post Placement Timing Optimization
INFO: [Place 30-746] Post Placement Timing Summary WNS=77.148. For the most accurate timing information please run report_timing.
Phase 4.1.1.2 Post Placement Timing Optimization | Checksum: 19616b939

Time (s): cpu = 00:00:05 ; elapsed = 00:00:04 . Memory (MB): peak = 2064.715 ; gain = 0.000

Time (s): cpu = 00:00:05 ; elapsed = 00:00:04 . Memory (MB): peak = 2064.715 ; gain = 0.000
Phase 4.1 Post Commit Optimization | Checksum: 19616b939

Time (s): cpu = 00:00:05 ; elapsed = 00:00:04 . Memory (MB): peak = 2064.715 ; gain = 0.000

Phase 4.2 Post Placement Cleanup
Phase 4.2 Post Placement Cleanup | Checksum: 19616b939

Time (s): cpu = 00:00:05 ; elapsed = 00:00:04 . Memory (MB): peak = 2064.715 ; gain = 0.000

Phase 4.3 Placer Reporting

Phase 4.3.1 Print Estimated Congestion
INFO: [Place 30-612] Post-Placement Estimated Congestion 
 ____________________________________________________
|           | Global Congestion | Short Congestion  |
| Direction | Region Size       | Region Size       |
|___________|___________________|___________________|
|      North|                1x1|                1x1|
|___________|___________________|___________________|
|      South|                1x1|                1x1|
|___________|___________________|___________________|
|       East|                1x1|                1x1|
|___________|___________________|___________________|
|       West|                1x1|                1x1|
|___________|___________________|___________________|

Phase 4.3.1 Print Estimated Congestion | Checksum: 19616b939

Time (s): cpu = 00:00:05 ; elapsed = 00:00:04 . Memory (MB): peak = 2064.715 ; gain = 0.000
Phase 4.3 Placer Reporting | Checksum: 19616b939

Time (s): cpu = 00:00:05 ; elapsed = 00:00:04 . Memory (MB): peak = 2064.715 ; gain = 0.000

Phase 4.4 Final Placement Cleanup
Netlist sorting complete. Time (s): cpu = 00:00:00 ; elapsed = 00:00:00.001 . Memory (MB): peak = 2064.715 ; gain = 0.000

Time (s): cpu = 00:00:05 ; elapsed = 00:00:04 . Memory (MB): peak = 2064.715 ; gain = 0.000
Phase 4 Post Placement Optimization and Clean-Up | Checksum: 209f924dd

Time (s): cpu = 00:00:05 ; elapsed = 00:00:04 . Memory (MB): peak = 2064.715 ; gain = 0.000
Ending Placer Task | Checksum: 1b4015aec

Time (s): cpu = 00:00:05 ; elapsed = 00:00:04 . Memory (MB): peak = 2064.715 ; gain = 0.000
65 Infos, 0 Warnings, 0 Critical Warnings and 0 Errors encountered.
place_design completed successfully
INFO: [Vivado 12-24838] Running report commands "report_control_sets, report_io, report_utilization" in parallel.
Running report generation with 2 threads.
INFO: [Vivado 12-24828] Executing command : report_io -file phase3_top_io_placed.rpt
report_io: Time (s): cpu = 00:00:00 ; elapsed = 00:00:00.173 . Memory (MB): peak = 2064.715 ; gain = 0.000
INFO: [Vivado 12-24828] Executing command : report_control_sets -verbose -file phase3_top_control_sets_placed.rpt
report_control_sets: Time (s): cpu = 00:00:00 ; elapsed = 00:00:00.007 . Memory (MB): peak = 2064.715 ; gain = 0.000
INFO: [Vivado 12-24828] Executing command : report_utilization -file phase3_top_utilization_placed.rpt -pb phase3_top_utilization_placed.pb
INFO: [Timing 38-480] Writing timing data to binary archive.
Wrote PlaceDB: Time (s): cpu = 00:00:00 ; elapsed = 00:00:00 . Memory (MB): peak = 2064.715 ; gain = 0.000
Write ShapeDB Complete: Time (s): cpu = 00:00:00 ; elapsed = 00:00:00.006 . Memory (MB): peak = 2064.715 ; gain = 0.000
Wrote PulsedLatchDB: Time (s): cpu = 00:00:00 ; elapsed = 00:00:00 . Memory (MB): peak = 2064.715 ; gain = 0.000
Writing XDEF routing.
Writing XDEF routing logical nets.
Writing XDEF routing special nets.
Wrote RouteStorage: Time (s): cpu = 00:00:00 ; elapsed = 00:00:00.038 . Memory (MB): peak = 2064.715 ; gain = 0.000
Wrote PlaceStorage: Time (s): cpu = 00:00:00 ; elapsed = 00:00:00.032 . Memory (MB): peak = 2064.715 ; gain = 0.000
Wrote Netlist Cache: Time (s): cpu = 00:00:00 ; elapsed = 00:00:00.001 . Memory (MB): peak = 2064.715 ; gain = 0.000
Wrote Device Cache: Time (s): cpu = 00:00:00 ; elapsed = 00:00:00.012 . Memory (MB): peak = 2064.715 ; gain = 0.000
Write Physdb Complete: Time (s): cpu = 00:00:00 ; elapsed = 00:00:00.098 . Memory (MB): peak = 2064.715 ; gain = 0.000
INFO: [Common 17-1381] The checkpoint 'C:/Users/Alex/Desktop/FPGAmixer_main/FPGAmixer/vivado_project/FPGAmixer.runs/impl_1/phase3_top_placed.dcp' has been generated.
Command: phys_opt_design
Attempting to get a license for feature 'Vivado_Implementation' and/or device 'xc7z020'
INFO: [Common 17-349] Got license for feature 'Vivado_Implementation' and/or device 'xc7z020'

Starting Initial Update Timing Task

Time (s): cpu = 00:00:00 ; elapsed = 00:00:00.255 . Memory (MB): peak = 2064.715 ; gain = 0.000
INFO: [Vivado_Tcl 4-2279] Estimated Timing Summary | WNS= 77.148 | TNS= 0.000 | 
INFO: [Vivado_Tcl 4-383] Design worst setup slack (WNS) is greater than or equal to 0.000 ns. All physical synthesis setup optimizations will be skipped.
INFO: [Vivado_Tcl 4-232] No setup violation found. The netlist was not modified.
INFO: [Common 17-83] Releasing license: Vivado_Implementation
76 Infos, 0 Warnings, 0 Critical Warnings and 0 Errors encountered.
phys_opt_design completed successfully
INFO: [Timing 38-480] Writing timing data to binary archive.
Wrote PlaceDB: Time (s): cpu = 00:00:00 ; elapsed = 00:00:00 . Memory (MB): peak = 2064.715 ; gain = 0.000
Write ShapeDB Complete: Time (s): cpu = 00:00:00 ; elapsed = 00:00:00.006 . Memory (MB): peak = 2064.715 ; gain = 0.000
Wrote PulsedLatchDB: Time (s): cpu = 00:00:00 ; elapsed = 00:00:00 . Memory (MB): peak = 2064.715 ; gain = 0.000
Writing XDEF routing.
Writing XDEF routing logical nets.
Writing XDEF routing special nets.
Wrote RouteStorage: Time (s): cpu = 00:00:00 ; elapsed = 00:00:00.031 . Memory (MB): peak = 2064.715 ; gain = 0.000
Wrote PlaceStorage: Time (s): cpu = 00:00:01 ; elapsed = 00:00:00.030 . Memory (MB): peak = 2064.715 ; gain = 0.000
Wrote Netlist Cache: Time (s): cpu = 00:00:00 ; elapsed = 00:00:00.001 . Memory (MB): peak = 2064.715 ; gain = 0.000
Wrote Device Cache: Time (s): cpu = 00:00:00 ; elapsed = 00:00:00.013 . Memory (MB): peak = 2064.715 ; gain = 0.000
Write Physdb Complete: Time (s): cpu = 00:00:01 ; elapsed = 00:00:00.092 . Memory (MB): peak = 2064.715 ; gain = 0.000
INFO: [Common 17-1381] The checkpoint 'C:/Users/Alex/Desktop/FPGAmixer_main/FPGAmixer/vivado_project/FPGAmixer.runs/impl_1/phase3_top_physopt.dcp' has been generated.
Command: route_design
Attempting to get a license for feature 'Vivado_Implementation' and/or device 'xc7z020'
INFO: [Common 17-349] Got license for feature 'Vivado_Implementation' and/or device 'xc7z020'


Starting Routing Task
INFO: [Route 35-254] Multithreading enabled for route_design using a maximum of 2 CPUs

Phase 1 Build RT Design
Checksum: PlaceDB: f096973f ConstDB: 0 ShapeSum: ad7150bd RouteDB: 15f972f0
Post Restoration Checksum: NetGraph: 62555677 | NumContArr: 8f9e8071 | Constraints: c2a8fa9d | Timing: c2a8fa9d
Phase 1 Build RT Design | Checksum: 27745cc22

Time (s): cpu = 00:00:37 ; elapsed = 00:00:35 . Memory (MB): peak = 2064.715 ; gain = 0.000

Phase 2 Router Initialization

Phase 2.1 Fix Topology Constraints
Phase 2.1 Fix Topology Constraints | Checksum: 27745cc22

Time (s): cpu = 00:00:37 ; elapsed = 00:00:35 . Memory (MB): peak = 2064.715 ; gain = 0.000

Phase 2.2 Pre Route Cleanup
Phase 2.2 Pre Route Cleanup | Checksum: 27745cc22

Time (s): cpu = 00:00:37 ; elapsed = 00:00:35 . Memory (MB): peak = 2064.715 ; gain = 0.000
 Number of Nodes with overlaps = 0

Phase 2.3 Update Timing
Phase 2.3 Update Timing | Checksum: 2217c2f4d

Time (s): cpu = 00:00:38 ; elapsed = 00:00:35 . Memory (MB): peak = 2064.715 ; gain = 0.000
INFO: [Route 35-416] Intermediate Timing Summary | WNS=77.265 | TNS=0.000  | WHS=-0.381 | THS=-87.148|


Phase 2.4 Soft Constraint Pins - Fast Budgeting
Phase 2.4 Soft Constraint Pins - Fast Budgeting | Checksum: 1ac566e1c

Time (s): cpu = 00:00:38 ; elapsed = 00:00:36 . Memory (MB): peak = 2064.715 ; gain = 0.000

Router Utilization Summary
  Global Vertical Routing Utilization    = 0 %
  Global Horizontal Routing Utilization  = 0 %
  Routable Net Status*
  *Does not include unroutable nets such as driverless and loadless.
  Run report_route_status for detailed report.
  Number of Failed Nets               = 375
    (Failed Nets is the sum of unrouted and partially routed nets)
  Number of Unrouted Nets             = 375
  Number of Partially Routed Nets     = 0
  Number of Node Overlaps             = 0

Phase 2 Router Initialization | Checksum: 19bcfb172

Time (s): cpu = 00:00:39 ; elapsed = 00:00:36 . Memory (MB): peak = 2064.715 ; gain = 0.000

Phase 3 Global Routing
Phase 3 Global Routing | Checksum: 19bcfb172

Time (s): cpu = 00:00:39 ; elapsed = 00:00:36 . Memory (MB): peak = 2064.715 ; gain = 0.000

Phase 4 Initial Routing

Phase 4.1 Initial Net Routing Pass
Phase 4.1 Initial Net Routing Pass | Checksum: 1fd986f74

Time (s): cpu = 00:00:39 ; elapsed = 00:00:36 . Memory (MB): peak = 2064.715 ; gain = 0.000
Phase 4 Initial Routing | Checksum: 1fd986f74

Time (s): cpu = 00:00:39 ; elapsed = 00:00:36 . Memory (MB): peak = 2064.715 ; gain = 0.000

Phase 5 Rip-up And Reroute

Phase 5.1 Global Iteration 0
 Number of Nodes with overlaps = 22
 Number of Nodes with overlaps = 0
INFO: [Route 35-416] Intermediate Timing Summary | WNS=74.911 | TNS=0.000  | WHS=N/A    | THS=N/A    |

Phase 5.1 Global Iteration 0 | Checksum: 19b05285e

Time (s): cpu = 00:00:40 ; elapsed = 00:00:36 . Memory (MB): peak = 2064.715 ; gain = 0.000
Phase 5 Rip-up And Reroute | Checksum: 19b05285e

Time (s): cpu = 00:00:40 ; elapsed = 00:00:36 . Memory (MB): peak = 2064.715 ; gain = 0.000

Phase 6 Delay and Skew Optimization

Phase 6.1 Delay CleanUp

Phase 6.1.1 Update Timing
Phase 6.1.1 Update Timing | Checksum: 19b05285e

Time (s): cpu = 00:00:40 ; elapsed = 00:00:36 . Memory (MB): peak = 2064.715 ; gain = 0.000
INFO: [Route 35-416] Intermediate Timing Summary | WNS=75.026 | TNS=0.000  | WHS=N/A    | THS=N/A    |

Phase 6.1 Delay CleanUp | Checksum: 19b05285e

Time (s): cpu = 00:00:40 ; elapsed = 00:00:36 . Memory (MB): peak = 2064.715 ; gain = 0.000

Phase 6.2 Clock Skew Optimization
Phase 6.2 Clock Skew Optimization | Checksum: 19b05285e

Time (s): cpu = 00:00:40 ; elapsed = 00:00:36 . Memory (MB): peak = 2064.715 ; gain = 0.000
Phase 6 Delay and Skew Optimization | Checksum: 19b05285e

Time (s): cpu = 00:00:40 ; elapsed = 00:00:36 . Memory (MB): peak = 2064.715 ; gain = 0.000

Phase 7 Post Hold Fix

Phase 7.1 Hold Fix Iter
INFO: [Route 35-416] Intermediate Timing Summary | WNS=75.026 | TNS=0.000  | WHS=0.005  | THS=0.000  |

Phase 7.1 Hold Fix Iter | Checksum: 19ee08d55

Time (s): cpu = 00:00:40 ; elapsed = 00:00:36 . Memory (MB): peak = 2064.715 ; gain = 0.000
Phase 7 Post Hold Fix | Checksum: 19ee08d55

Time (s): cpu = 00:00:40 ; elapsed = 00:00:36 . Memory (MB): peak = 2064.715 ; gain = 0.000

Phase 8 Route finalize

Router Utilization Summary
  Global Vertical Routing Utilization    = 0.0604225 %
  Global Horizontal Routing Utilization  = 0.0887424 %
  Routable Net Status*
  *Does not include unroutable nets such as driverless and loadless.
  Run report_route_status for detailed report.
  Number of Failed Nets               = 0
    (Failed Nets is the sum of unrouted and partially routed nets)
  Number of Unrouted Nets             = 0
  Number of Partially Routed Nets     = 0
  Number of Node Overlaps             = 0

Phase 8 Route finalize | Checksum: 19ee08d55

Time (s): cpu = 00:00:40 ; elapsed = 00:00:36 . Memory (MB): peak = 2064.715 ; gain = 0.000

Phase 9 Verifying routed nets

 Verification completed successfully
Phase 9 Verifying routed nets | Checksum: 19ee08d55

Time (s): cpu = 00:00:40 ; elapsed = 00:00:37 . Memory (MB): peak = 2064.715 ; gain = 0.000

Phase 10 Depositing Routes
Phase 10 Depositing Routes | Checksum: 1d8252edd

Time (s): cpu = 00:00:40 ; elapsed = 00:00:37 . Memory (MB): peak = 2064.715 ; gain = 0.000

Phase 11 Post Process Routing
Phase 11 Post Process Routing | Checksum: 1d8252edd

Time (s): cpu = 00:00:40 ; elapsed = 00:00:37 . Memory (MB): peak = 2064.715 ; gain = 0.000

Phase 12 Post Router Timing
INFO: [Route 35-57] Estimated Timing Summary | WNS=75.026 | TNS=0.000  | WHS=0.005  | THS=0.000  |

INFO: [Route 35-327] The final timing numbers are based on the router estimated timing analysis. For a complete and accurate timing signoff, please run report_timing_summary.
Phase 12 Post Router Timing | Checksum: 1d8252edd

Time (s): cpu = 00:00:40 ; elapsed = 00:00:37 . Memory (MB): peak = 2064.715 ; gain = 0.000
Total Elapsed time in route_design: 36.569 secs

Phase 13 Post-Route Event Processing
Phase 13 Post-Route Event Processing | Checksum: 1c9deb08c

Time (s): cpu = 00:00:40 ; elapsed = 00:00:37 . Memory (MB): peak = 2064.715 ; gain = 0.000
INFO: [Route 35-16] Router Completed Successfully
Ending Routing Task | Checksum: 1c9deb08c

Time (s): cpu = 00:00:40 ; elapsed = 00:00:37 . Memory (MB): peak = 2064.715 ; gain = 0.000

Routing Is Done.
INFO: [Common 17-83] Releasing license: Vivado_Implementation
88 Infos, 0 Warnings, 0 Critical Warnings and 0 Errors encountered.
route_design completed successfully
route_design: Time (s): cpu = 00:00:40 ; elapsed = 00:00:37 . Memory (MB): peak = 2064.715 ; gain = 0.000
INFO: [Vivado 12-24828] Executing command : report_drc -file phase3_top_drc_routed.rpt -pb phase3_top_drc_routed.pb -rpx phase3_top_drc_routed.rpx
Command: report_drc -file phase3_top_drc_routed.rpt -pb phase3_top_drc_routed.pb -rpx phase3_top_drc_routed.rpx
INFO: [IP_Flow 19-1839] IP Catalog is up to date.
INFO: [DRC 23-27] Running DRC with 2 threads
INFO: [Vivado_Tcl 2-168] The results of DRC are in file C:/Users/Alex/Desktop/FPGAmixer_main/FPGAmixer/vivado_project/FPGAmixer.runs/impl_1/phase3_top_drc_routed.rpt.
report_drc completed successfully
INFO: [Vivado 12-24828] Executing command : report_methodology -file phase3_top_methodology_drc_routed.rpt -pb phase3_top_methodology_drc_routed.pb -rpx phase3_top_methodology_drc_routed.rpx
Command: report_methodology -file phase3_top_methodology_drc_routed.rpt -pb phase3_top_methodology_drc_routed.pb -rpx phase3_top_methodology_drc_routed.rpx
INFO: [Timing 38-35] Done setting XDC timing constraints.
INFO: [DRC 23-133] Running Methodology with 2 threads
INFO: [Vivado_Tcl 2-1520] The results of Report Methodology are in file C:/Users/Alex/Desktop/FPGAmixer_main/FPGAmixer/vivado_project/FPGAmixer.runs/impl_1/phase3_top_methodology_drc_routed.rpt.
report_methodology completed successfully
INFO: [Vivado 12-24828] Executing command : report_timing_summary -max_paths 10 -routable_nets -report_unconstrained -file phase3_top_timing_summary_routed.rpt -pb phase3_top_timing_summary_routed.pb -rpx phase3_top_timing_summary_routed.rpx -warn_on_violation 
INFO: [Timing 38-35] Done setting XDC timing constraints.
INFO: [Timing 38-91] UpdateTimingParams: Speed grade: -1, Delay Type: min_max.
INFO: [Timing 38-191] Multithreading enabled for timing update using a maximum of 2 CPUs
INFO: [Vivado 12-24838] Running report commands "report_incremental_reuse, report_route_status" in parallel.
Running report generation with 2 threads.
INFO: [Vivado 12-24828] Executing command : report_incremental_reuse -file phase3_top_incremental_reuse_routed.rpt
INFO: [Vivado_Tcl 4-1062] Incremental flow is disabled. No incremental reuse Info to report.
INFO: [Vivado 12-24828] Executing command : report_route_status -file phase3_top_route_status.rpt -pb phase3_top_route_status.pb
INFO: [Vivado 12-24828] Executing command : report_power -file phase3_top_power_routed.rpt -pb phase3_top_power_summary_routed.pb -rpx phase3_top_power_routed.rpx
Command: report_power -file phase3_top_power_routed.rpt -pb phase3_top_power_summary_routed.pb -rpx phase3_top_power_routed.rpx
Running Vector-less Activity Propagation...

Finished Running Vector-less Activity Propagation
105 Infos, 0 Warnings, 0 Critical Warnings and 0 Errors encountered.
report_power completed successfully
INFO: [Vivado 12-24828] Executing command : report_clock_utilization -file phase3_top_clock_utilization_routed.rpt
INFO: [Vivado 12-24828] Executing command : report_bus_skew -warn_on_violation -file phase3_top_bus_skew_routed.rpt -pb phase3_top_bus_skew_routed.pb -rpx phase3_top_bus_skew_routed.rpx
INFO: [Timing 38-91] UpdateTimingParams: Speed grade: -1, Delay Type: min_max.
INFO: [Timing 38-191] Multithreading enabled for timing update using a maximum of 2 CPUs
generate_parallel_reports: Time (s): cpu = 00:00:08 ; elapsed = 00:00:06 . Memory (MB): peak = 2064.715 ; gain = 0.000
INFO: [Timing 38-480] Writing timing data to binary archive.
Wrote PlaceDB: Time (s): cpu = 00:00:00 ; elapsed = 00:00:00 . Memory (MB): peak = 2064.715 ; gain = 0.000
Write ShapeDB Complete: Time (s): cpu = 00:00:00 ; elapsed = 00:00:00.007 . Memory (MB): peak = 2064.715 ; gain = 0.000
Wrote PulsedLatchDB: Time (s): cpu = 00:00:00 ; elapsed = 00:00:00 . Memory (MB): peak = 2064.715 ; gain = 0.000
Writing XDEF routing.
Writing XDEF routing logical nets.
Writing XDEF routing special nets.
Wrote RouteStorage: Time (s): cpu = 00:00:00 ; elapsed = 00:00:00.043 . Memory (MB): peak = 2064.715 ; gain = 0.000
Wrote PlaceStorage: Time (s): cpu = 00:00:00 ; elapsed = 00:00:00.025 . Memory (MB): peak = 2064.715 ; gain = 0.000
Wrote Netlist Cache: Time (s): cpu = 00:00:00 ; elapsed = 00:00:00.002 . Memory (MB): peak = 2064.715 ; gain = 0.000
Wrote Device Cache: Time (s): cpu = 00:00:00 ; elapsed = 00:00:00.014 . Memory (MB): peak = 2064.715 ; gain = 0.000
Write Physdb Complete: Time (s): cpu = 00:00:00 ; elapsed = 00:00:00.099 . Memory (MB): peak = 2064.715 ; gain = 0.000
INFO: [Common 17-1381] The checkpoint 'C:/Users/Alex/Desktop/FPGAmixer_main/FPGAmixer/vivado_project/FPGAmixer.runs/impl_1/phase3_top_routed.dcp' has been generated.
Command: write_bitstream -force phase3_top.bit
Attempting to get a license for feature 'Vivado_Implementation' and/or device 'xc7z020'
INFO: [Common 17-349] Got license for feature 'Vivado_Implementation' and/or device 'xc7z020'
Running DRC as a precondition to command write_bitstream
INFO: [IP_Flow 19-1839] IP Catalog is up to date.
INFO: [DRC 23-27] Running DRC with 2 threads
INFO: [Vivado 12-3199] DRC finished with 0 Errors
INFO: [Vivado 12-3200] Please refer to the DRC report (report_drc) for more information.
Integrating Hard IP ELF/MEM with the PDI.
INFO: [Designutils 20-2272] Running write_bitstream with 2 threads.
Initializing bitstream generation complete. Time (s): cpu = 00:00:01 ; elapsed = 00:00:01 . Memory (MB): peak = 2064.715 ; gain = 0.000
Loading data files...
Loading site data...
Loading route data...
Processing options...
Creating bitmap...
Creating bitstream...
Writing bitstream ./phase3_top.bit...
Generate Bitstream complete. Time (s): cpu = 00:00:11 ; elapsed = 00:00:10 . Memory (MB): peak = 2272.051 ; gain = 207.336
INFO: [Vivado 12-1842] Bitgen Completed Successfully.
INFO: [Common 17-83] Releasing license: Vivado_Implementation
119 Infos, 0 Warnings, 0 Critical Warnings and 0 Errors encountered.
write_bitstream completed successfully
write_bitstream: Time (s): cpu = 00:00:15 ; elapsed = 00:00:23 . Memory (MB): peak = 2272.051 ; gain = 207.336
INFO: [Common 17-206] Exiting Vivado at Fri Aug 14 17:55:55 2026...
