INFO: [Common 17-3922] A valid Vivado Design Suite BASIC license has been detected. Your current license is active and will expire on 02-aug-2027.
#-----------------------------------------------------------
# Vivado v2026.1 (64-bit)
# SW Build 6511674 on Tue Jun 16 11:02:23 MDT 2026
# IP Build 6504888 on Tue Jun 09 09:05:25 MDT 2026
# SharedData Build 6501428 on Mon Jun 08 17:34:18 MDT 2026
# Start of session at: Tue Aug 11 17:11:21 2026
# Process ID         : 16332
# Current directory  : C:/Users/Alex/Desktop/FPGAmixer_main/FPGAmixer
# Command line       : vivado.exe -source scripts/create_project_phase2_BACKUP.tcl
# Log file           : C:/Users/Alex/Desktop/FPGAmixer_main/FPGAmixer/vivado.log
# Journal file       : C:/Users/Alex/Desktop/FPGAmixer_main/FPGAmixer\vivado.jou
# Running On         : DESKTOP-3RVCKQ3
# Platform           : Windows 11
# Operating System   : 26200
# Processor Detail   : AMD Ryzen 7 4800H with Radeon Graphics         
# CPU Frequency      : 2894 MHz
# CPU Physical cores : 8
# CPU Logical cores  : 16
# Host memory        : 16505 MB
# Swap memory        : 9126 MB
# Total Virtual      : 25632 MB
# Available Virtual  : 16939 MB
#-----------------------------------------------------------
start_gui
source scripts/create_project_phase2_BACKUP.tcl
# set proj_name     "FPGAmixer"
# set proj_dir      "vivado_project"
# set part          "xc7z020clg400-1"
# set board_part    "digilentinc.com:arty-z7-20:part0:1.1"
# set current_phase "phase2"
# set synth_top     "${current_phase}_top"
# set sim_top       "tb_phase3_datapath"
# set xdc_file      "constraints/${current_phase}_arty_z7.xdc"
# foreach d {src/rtl src/sim constraints scripts} {
#     if {![file isdirectory $d]} {
#         puts "ERROR: expected directory '$d' not found under [pwd]"
#         puts "       Run this script from the repo root."
#         return
#     }
# }
# set rtl_files [glob -nocomplain src/rtl/*.sv]
# set sim_files {}
# foreach f [glob -nocomplain src/sim/*.sv] {
#     if {[string match "*clk_wiz_audio_stub.sv" $f]} continue
#     lappend sim_files $f
# }
# if {[llength $rtl_files] == 0} {
#     puts "ERROR: no RTL sources found in src/rtl/"
#     return
# }
# if {![file exists $xdc_file]} {
#     puts "ERROR: constraints file '$xdc_file' not found for phase '$current_phase'"
#     return
# }
ERROR: constraints file 'constraints/phase2_arty_z7.xdc' not found for phase 'phase2'
exit
INFO: [Common 17-206] Exiting Vivado at Tue Aug 11 17:11:58 2026...
