INFO: [Common 17-3922] A valid Vivado Design Suite BASIC license has been detected. Your current license is active and will expire on 02-aug-2027.
#-----------------------------------------------------------
# Vivado v2026.1 (64-bit)
# SW Build 6511674 on Tue Jun 16 11:02:23 MDT 2026
# IP Build 6504888 on Tue Jun 09 09:05:25 MDT 2026
# SharedData Build 6501428 on Mon Jun 08 17:34:18 MDT 2026
# Start of session at: Wed Aug  5 16:03:17 2026
# Process ID         : 16836
# Current directory  : C:/Users/Alex/Desktop/FPGAmixer_main/FPGAmixer
# Command line       : vivado.exe -source scripts/create_project.tcl
# Log file           : C:/Users/Alex/Desktop/FPGAmixer_main/FPGAmixer/vivado.log
# Journal file       : C:/Users/Alex/Desktop/FPGAmixer_main/FPGAmixer\vivado.jou
# Running On         : DESKTOP-3RVCKQ3
# Platform           : Windows 11
# Operating System   : 26100
# Processor Detail   : AMD Ryzen 7 4800H with Radeon Graphics         
# CPU Frequency      : 2894 MHz
# CPU Physical cores : 8
# CPU Logical cores  : 16
# Host memory        : 16505 MB
# Swap memory        : 9126 MB
# Total Virtual      : 25632 MB
# Available Virtual  : 16771 MB
#-----------------------------------------------------------
start_gui
source scripts/create_project.tcl
# set proj_name  "FPGAmixer"
# set proj_dir   "vivado_project"
# set part       "xc7z020clg400-1"
# set board_part "digilentinc.com:arty-z7-20:part0:1.1"
# if {![file isdirectory "src/rtl"] || ![file isdirectory "constraints"]} {
#     puts "ERROR: create_project.tcl must be run from the repo root."
#     puts "       Expected to find src/rtl/ and constraints/ in [pwd]"
#     return
# }
# if {[file exists $proj_dir]} {
#     puts "INFO: Removing existing $proj_dir/"
#     file delete -force $proj_dir
# }
# create_project $proj_name $proj_dir -part $part -force
INFO: [IP_Flow 19-234] Refreshing IP repositories
INFO: [IP_Flow 19-1704] No user IP repositories specified
INFO: [IP_Flow 19-2313] Loaded Vivado IP repository 'C:/AMDDesignTools/2026.1/Vivado/data/ip'.
create_project: Time (s): cpu = 00:00:25 ; elapsed = 00:00:15 . Memory (MB): peak = 1731.824 ; gain = 330.023
# set_property BOARD_PART $board_part [current_project]
# set_property TARGET_LANGUAGE Verilog [current_project]
# add_files -norecurse -fileset sources_1 [glob src/rtl/*.sv]
# add_files -norecurse -fileset constrs_1 [glob constraints/*.xdc]
# create_ip -name clk_wiz -vendor xilinx.com -library ip \
#     -module_name clk_wiz_audio
INFO: [Device 21-403] Loading part xc7z020clg400-1
create_ip: Time (s): cpu = 00:00:06 ; elapsed = 00:00:19 . Memory (MB): peak = 1940.586 ; gain = 208.762
# set_property -dict [list \
#     CONFIG.PRIM_IN_FREQ                {125.000} \
#     CONFIG.CLK_IN1_BOARD_INTERFACE     {Custom} \
#     CONFIG.USE_BOARD_FLOW              {false} \
#     CONFIG.CLKOUT1_USED                {true} \
#     CONFIG.CLKOUT1_REQUESTED_OUT_FREQ  {12.288} \
#     CONFIG.CLK_OUT1_PORT               {clk_out1} \
#     CONFIG.USE_RESET                   {true} \
#     CONFIG.RESET_TYPE                  {ACTIVE_HIGH} \
#     CONFIG.USE_LOCKED                  {true} \
# ] [get_ips clk_wiz_audio]
WARNING: [Vivado 12-818] No files matched '*'
# generate_target all [get_files -of_objects [get_ips clk_wiz_audio]]
# set_property top phase1_top [current_fileset]
# update_compile_order -fileset sources_1
# puts ""

# puts "=================================================================="
==================================================================
# puts "  Project created at $proj_dir/$proj_name.xpr"
  Project created at vivado_project/FPGAmixer.xpr
# puts "  Top module:        phase1_top"
  Top module:        phase1_top
# puts "  Board:             $board_part"
  Board:             digilentinc.com:arty-z7-20:part0:1.1
# puts ""

# puts "  Next steps:"
  Next steps:
# puts "    1. Run synthesis + implementation + bitstream"
    1. Run synthesis + implementation + bitstream
# puts "    2. Plug Pmod I2S2 into JA (jumper JP1 in SLV position)"
    2. Plug Pmod I2S2 into JA (jumper JP1 in SLV position)
# puts "    3. Program the FPGA over JTAG"
    3. Program the FPGA over JTAG
# puts "    4. Line In of the Pmod = source, Line Out = looped-back audio"
    4. Line In of the Pmod = source, Line Out = looped-back audio
# puts "=================================================================="
==================================================================
update_compile_order -fileset sources_1
launch_runs impl_1 -to_step write_bitstream -jobs 8
INFO: [IP_Flow 19-1686] Generating 'Synthesis' target for IP 'clk_wiz_audio'...
INFO: [IP_Flow 19-1686] Generating 'Implementation' target for IP 'clk_wiz_audio'...
[Wed Aug  5 16:06:16 2026] Launched clk_wiz_audio_synth_1, synth_1...
Run output will be captured here:
clk_wiz_audio_synth_1: C:/Users/Alex/Desktop/FPGAmixer_main/FPGAmixer/vivado_project/FPGAmixer.runs/clk_wiz_audio_synth_1/runme.log
synth_1: C:/Users/Alex/Desktop/FPGAmixer_main/FPGAmixer/vivado_project/FPGAmixer.runs/synth_1/runme.log
[Wed Aug  5 16:06:17 2026] Launched impl_1...
Run output will be captured here: C:/Users/Alex/Desktop/FPGAmixer_main/FPGAmixer/vivado_project/FPGAmixer.runs/impl_1/runme.log
open_hw_manager
connect_hw_server -allow_non_jtag
INFO: [Labtools 27-2285] Connecting to hw_server url TCP:localhost:3121
INFO: [Labtools 27-2222] Launching hw_server...
INFO: [Labtools 27-2221] Launch Output:

****** Xilinx hw_server v2026.1
  **** Build date : May 29 2026 at 14:55:19
    ** Copyright 1986-2022 Xilinx, Inc. All Rights Reserved.


INFO: [Labtools 27-3415] Connecting to cs_server url TCP:localhost:0
INFO: [Labtools 27-3417] Launching cs_server...
INFO: [Labtools 27-2221] Launch Output:

****** Xilinx cs_server v2026.1
  **** Build Info : #60 | 2026-06-15 19:15 UTC | a9691a9
    ** Copyright 2017-2022 Xilinx, Inc. All Rights Reserved.
    ** Copyright 2022-2026 Advanced Micro Devices, Inc. All Rights Reserved.



connect_hw_server: Time (s): cpu = 00:00:01 ; elapsed = 00:00:06 . Memory (MB): peak = 1994.898 ; gain = 3.316
open_hw_target
INFO: [Labtoolstcl 44-466] Opening hw_target localhost:3121/xilinx_tcf/Digilent/003017BFAE92A
set_property PROGRAM.FILE {C:/Users/Alex/Desktop/FPGAmixer_main/FPGAmixer/vivado_project/FPGAmixer.runs/impl_1/phase1_top.bit} [get_hw_devices xc7z020_1]
current_hw_device [get_hw_devices xc7z020_1]
refresh_hw_device -update_hw_probes false [lindex [get_hw_devices xc7z020_1] 0]
INFO: [Labtools 27-1434] Device xc7z020 (JTAG device index = 1) is programmed with a design that has no supported soft debug core(s) in it.
ERROR: [Labtoolstcl 44-513] HW Target shutdown. Closing target: localhost:3121/xilinx_tcf/Digilent/003017BFAE92A
INFO: [Labtoolstcl 44-466] Opening hw_target localhost:3121/xilinx_tcf/Digilent/003017BFAE92A
WARNING: [Labtoolstcl 44-129] No matching hw_ila_data was found.
INFO: [Labtools 27-1435] Device xc7z020 (JTAG device index = 1) is not programmed (DONE status = 0).
WARNING: [Labtoolstcl 44-129] No matching hw_ila_data was found.
set_property PROBES.FILE {} [get_hw_devices xc7z020_1]
set_property FULL_PROBES.FILE {} [get_hw_devices xc7z020_1]
set_property PROGRAM.FILE {C:/Users/Alex/Desktop/FPGAmixer_main/FPGAmixer/vivado_project/FPGAmixer.runs/impl_1/phase1_top.bit} [get_hw_devices xc7z020_1]
program_hw_devices [get_hw_devices xc7z020_1]
INFO: [Labtools 27-3164] End of startup status: HIGH
refresh_hw_device [lindex [get_hw_devices xc7z020_1] 0]
INFO: [Labtools 27-1434] Device xc7z020 (JTAG device index = 1) is programmed with a design that has no supported soft debug core(s) in it.
exit
INFO: [Common 17-206] Exiting Vivado at Wed Aug  5 16:30:43 2026...
