INFO: [Common 17-3922] A valid Vivado Design Suite BASIC license has been detected. Your current license is active and will expire on 02-aug-2027.
#-----------------------------------------------------------
# Vivado v2026.1 (64-bit)
# SW Build 6511674 on Tue Jun 16 11:02:23 MDT 2026
# IP Build 6504888 on Tue Jun 09 09:05:25 MDT 2026
# SharedData Build 6501428 on Mon Jun 08 17:34:18 MDT 2026
# Start of session at: Thu Aug  6 15:14:44 2026
# Process ID         : 16024
# Current directory  : C:/Users/Alex/Desktop/FPGAmixer_main/FPGAmixer
# Command line       : vivado.exe -source scripts/create_project.tcl
# Log file           : C:/Users/Alex/Desktop/FPGAmixer_main/FPGAmixer/vivado.log
# Journal file       : C:/Users/Alex/Desktop/FPGAmixer_main/FPGAmixer\vivado.jou
# Running On         : DESKTOP-3RVCKQ3
# Platform           : Windows 11
# Operating System   : 26200
# Processor Detail   : AMD Ryzen 7 4800H with Radeon Graphics         
# CPU Frequency      : 2894 MHz
# CPU Physical cores : 8
# CPU Logical cores  : 16
# Host memory        : 16505 MB
# Swap memory        : 9126 MB
# Total Virtual      : 25632 MB
# Available Virtual  : 16630 MB
#-----------------------------------------------------------
start_gui
source scripts/create_project.tcl
# set proj_name  "FPGAmixer"
# set proj_dir   "vivado_project"
# set part       "xc7z020clg400-1"
# set board_part "digilentinc.com:arty-z7-20:part0:1.1"
# if {![file isdirectory "src/rtl"] || ![file isdirectory "constraints"]} {
#     puts "ERROR: create_project.tcl must be run from the repo root."
#     puts "       Expected to find src/rtl/ and constraints/ in [pwd]"
#     return
# }
# if {[file exists $proj_dir]} {
#     puts "INFO: Removing existing $proj_dir/"
#     file delete -force $proj_dir
# }
INFO: Removing existing vivado_project/
# create_project $proj_name $proj_dir -part $part -force
INFO: [IP_Flow 19-234] Refreshing IP repositories
INFO: [IP_Flow 19-1704] No user IP repositories specified
INFO: [IP_Flow 19-2313] Loaded Vivado IP repository 'C:/AMDDesignTools/2026.1/Vivado/data/ip'.
create_project: Time (s): cpu = 00:00:25 ; elapsed = 00:00:16 . Memory (MB): peak = 1730.633 ; gain = 321.543
# set_property BOARD_PART $board_part [current_project]
# set_property TARGET_LANGUAGE Verilog [current_project]
# add_files -norecurse -fileset sources_1 [glob src/rtl/*.sv]
# add_files -norecurse -fileset constrs_1 [glob constraints/*.xdc]
# create_ip -name clk_wiz -vendor xilinx.com -library ip \
#     -module_name clk_wiz_audio
INFO: [Device 21-403] Loading part xc7z020clg400-1
create_ip: Time (s): cpu = 00:00:06 ; elapsed = 00:00:19 . Memory (MB): peak = 1946.473 ; gain = 215.840
# set_property -dict [list \
#     CONFIG.PRIM_IN_FREQ                {125.000} \
#     CONFIG.CLK_IN1_BOARD_INTERFACE     {Custom} \
#     CONFIG.USE_BOARD_FLOW              {false} \
#     CONFIG.CLKOUT1_USED                {true} \
#     CONFIG.CLKOUT1_REQUESTED_OUT_FREQ  {12.288} \
#     CONFIG.CLK_OUT1_PORT               {clk_out1} \
#     CONFIG.USE_RESET                   {true} \
#     CONFIG.RESET_TYPE                  {ACTIVE_HIGH} \
#     CONFIG.USE_LOCKED                  {true} \
# ] [get_ips clk_wiz_audio]
WARNING: [Vivado 12-818] No files matched '*'
# generate_target all [get_files -of_objects [get_ips clk_wiz_audio]]
# set_property top phase1_top [current_fileset]
# update_compile_order -fileset sources_1
# puts ""

# puts "=================================================================="
==================================================================
# puts "  Project created at $proj_dir/$proj_name.xpr"
  Project created at vivado_project/FPGAmixer.xpr
# puts "  Top module:        phase1_top"
  Top module:        phase1_top
# puts "  Board:             $board_part"
  Board:             digilentinc.com:arty-z7-20:part0:1.1
# puts ""

# puts "  Next steps:"
  Next steps:
# puts "    1. Run synthesis + implementation + bitstream"
    1. Run synthesis + implementation + bitstream
# puts "    2. Plug Pmod I2S2 into JA (jumper JP1 in SLV position)"
    2. Plug Pmod I2S2 into JA (jumper JP1 in SLV position)
# puts "    3. Program the FPGA over JTAG"
    3. Program the FPGA over JTAG
# puts "    4. Line In of the Pmod = source, Line Out = looped-back audio"
    4. Line In of the Pmod = source, Line Out = looped-back audio
# puts "=================================================================="
==================================================================
update_compile_order -fileset sources_1
generate_target all [get_files c:/Users/Alex/Desktop/FPGAmixer_main/FPGAmixer/vivado_project/FPGAmixer.srcs/sources_1/ip/clk_wiz_audio/clk_wiz_audio.xci]
INFO: [IP_Flow 19-1686] Generating 'Instantiation Template' target for IP 'clk_wiz_audio'...
INFO: [IP_Flow 19-1686] Generating 'Synthesis' target for IP 'clk_wiz_audio'...
INFO: [IP_Flow 19-1686] Generating 'Simulation' target for IP 'clk_wiz_audio'...
INFO: [IP_Flow 19-1686] Generating 'Implementation' target for IP 'clk_wiz_audio'...
INFO: [IP_Flow 19-1686] Generating 'Change Log' target for IP 'clk_wiz_audio'...
export_ip_user_files -of_objects [get_files c:/Users/Alex/Desktop/FPGAmixer_main/FPGAmixer/vivado_project/FPGAmixer.srcs/sources_1/ip/clk_wiz_audio/clk_wiz_audio.xci] -no_script -sync -force -quiet
export_simulation -of_objects [get_files c:/Users/Alex/Desktop/FPGAmixer_main/FPGAmixer/vivado_project/FPGAmixer.srcs/sources_1/ip/clk_wiz_audio/clk_wiz_audio.xci] -directory C:/Users/Alex/Desktop/FPGAmixer_main/FPGAmixer/vivado_project/FPGAmixer.ip_user_files/sim_scripts -ip_user_files_dir C:/Users/Alex/Desktop/FPGAmixer_main/FPGAmixer/vivado_project/FPGAmixer.ip_user_files -ipstatic_source_dir C:/Users/Alex/Desktop/FPGAmixer_main/FPGAmixer/vivado_project/FPGAmixer.ip_user_files/ipstatic -lib_map_path [list {modelsim=C:/Users/Alex/Desktop/FPGAmixer_main/FPGAmixer/vivado_project/FPGAmixer.cache/compile_simlib/modelsim} {questa=C:/Users/Alex/Desktop/FPGAmixer_main/FPGAmixer/vivado_project/FPGAmixer.cache/compile_simlib/questa} {riviera=C:/Users/Alex/Desktop/FPGAmixer_main/FPGAmixer/vivado_project/FPGAmixer.cache/compile_simlib/riviera} {activehdl=C:/Users/Alex/Desktop/FPGAmixer_main/FPGAmixer/vivado_project/FPGAmixer.cache/compile_simlib/activehdl}] -use_ip_compiled_libs -force -quiet
create_fileset -blockset clk_wiz_audio
set_property top clk_wiz_audio [get_fileset clk_wiz_audio]
move_files -fileset [get_fileset clk_wiz_audio] [get_files -of_objects [get_fileset sources_1] c:/Users/Alex/Desktop/FPGAmixer_main/FPGAmixer/vivado_project/FPGAmixer.srcs/sources_1/ip/clk_wiz_audio/clk_wiz_audio.xci]
launch_run clk_wiz_audio_synth_1
[Thu Aug  6 15:16:25 2026] Launched clk_wiz_audio_synth_1...
Run output will be captured here: C:/Users/Alex/Desktop/FPGAmixer_main/FPGAmixer/vivado_project/FPGAmixer.runs/clk_wiz_audio_synth_1/runme.log
wait_on_run clk_wiz_audio_synth_1

[Thu Aug  6 15:16:25 2026] Waiting for clk_wiz_audio_synth_1 to finish...
[Thu Aug  6 15:16:30 2026] Waiting for clk_wiz_audio_synth_1 to finish...
[Thu Aug  6 15:16:35 2026] Waiting for clk_wiz_audio_synth_1 to finish...
[Thu Aug  6 15:16:40 2026] Waiting for clk_wiz_audio_synth_1 to finish...
[Thu Aug  6 15:16:51 2026] Waiting for clk_wiz_audio_synth_1 to finish...
[Thu Aug  6 15:17:01 2026] Waiting for clk_wiz_audio_synth_1 to finish...
[Thu Aug  6 15:17:11 2026] Waiting for clk_wiz_audio_synth_1 to finish...
[Thu Aug  6 15:17:21 2026] Waiting for clk_wiz_audio_synth_1 to finish...

*** Running vivado
    with args -log clk_wiz_audio.vds -m64 -product Vivado -mode batch -messageDb vivado.pb -notrace -source clk_wiz_audio.tcl


INFO: [Common 17-3922] A valid Vivado Design Suite BASIC license has been detected. Your current license is active and will expire on 02-aug-2027.
#-----------------------------------------------------------
# Vivado v2026.1 (64-bit)
# SW Build 6511674 on Tue Jun 16 11:02:23 MDT 2026
# IP Build 6504888 on Tue Jun 09 09:05:25 MDT 2026
# SharedData Build 6501428 on Mon Jun 08 17:34:18 MDT 2026
# Start of session at: Thu Aug  6 15:16:27 2026
# Process ID         : 2956
# Current directory  : C:/Users/Alex/Desktop/FPGAmixer_main/FPGAmixer/vivado_project/FPGAmixer.runs/clk_wiz_audio_synth_1
# Command line       : vivado.exe -log clk_wiz_audio.vds -product Vivado -mode batch -messageDb vivado.pb -notrace -source clk_wiz_audio.tcl
# Log file           : C:/Users/Alex/Desktop/FPGAmixer_main/FPGAmixer/vivado_project/FPGAmixer.runs/clk_wiz_audio_synth_1/clk_wiz_audio.vds
# Journal file       : C:/Users/Alex/Desktop/FPGAmixer_main/FPGAmixer/vivado_project/FPGAmixer.runs/clk_wiz_audio_synth_1\vivado.jou
# Running On         : DESKTOP-3RVCKQ3
# Platform           : Windows 11
# Operating System   : 26200
# Processor Detail   : AMD Ryzen 7 4800H with Radeon Graphics         
# CPU Frequency      : 2894 MHz
# CPU Physical cores : 8
# CPU Logical cores  : 16
# Host memory        : 16505 MB
# Swap memory        : 9126 MB
# Total Virtual      : 25632 MB
# Available Virtual  : 14464 MB
#-----------------------------------------------------------

****** Vivado v2026.1 (64-bit)
  **** SW Build 6511674 on Tue Jun 16 11:02:23 MDT 2026
  **** IP Build 6504888 on Tue Jun 09 09:05:25 MDT 2026
  **** SharedData Build 6501428 on Mon Jun 08 17:34:18 MDT 2026
  **** Start of session at: Thu Aug  6 15:16:27 2026
    ** Copyright 1986-2022 Xilinx, Inc. All Rights Reserved.
    ** Copyright 2022-2026 Advanced Micro Devices, Inc. All Rights Reserved.

source clk_wiz_audio.tcl -notrace
create_project: Time (s): cpu = 00:00:11 ; elapsed = 00:00:07 . Memory (MB): peak = 581.844 ; gain = 269.062
Command: synth_design -top clk_wiz_audio -part xc7z020clg400-1 -incremental_mode off -mode out_of_context
Starting synth_design
Attempting to get a license for feature 'Vivado_Synthesis' and/or device 'xc7z020'
INFO: [Common 17-349] Got license for feature 'Vivado_Synthesis' and/or device 'xc7z020'
INFO: [Device 21-403] Loading part xc7z020clg400-1
INFO: [Designutils 20-5008] Incremental synthesis strategy off
INFO: [Synth 8-7079] Multithreading enabled for synth_design using a maximum of 2 processes.
INFO: [Synth 8-7078] Launching helper process for spawning children vivado processes
INFO: [Synth 8-7075] Helper process launched with PID 15876
---------------------------------------------------------------------------------
Starting RTL Elaboration : Time (s): cpu = 00:00:07 ; elapsed = 00:00:08 . Memory (MB): peak = 1403.199 ; gain = 576.941
---------------------------------------------------------------------------------
INFO: [Synth 8-6157] synthesizing module 'clk_wiz_audio' [c:/Users/Alex/Desktop/FPGAmixer_main/FPGAmixer/vivado_project/FPGAmixer.gen/sources_1/ip/clk_wiz_audio/clk_wiz_audio.v:66]
INFO: [Synth 8-6157] synthesizing module 'clk_wiz_audio_clk_wiz' [c:/Users/Alex/Desktop/FPGAmixer_main/FPGAmixer/vivado_project/FPGAmixer.gen/sources_1/ip/clk_wiz_audio/clk_wiz_audio_clk_wiz.v:66]
INFO: [Synth 8-6157] synthesizing module 'IBUF' [C:/AMDDesignTools/2026.1/Vivado/scripts/rt/data/unisim_comp.v:82818]
INFO: [Synth 8-6155] done synthesizing module 'IBUF' (0#1) [C:/AMDDesignTools/2026.1/Vivado/scripts/rt/data/unisim_comp.v:82818]
INFO: [Synth 8-6157] synthesizing module 'MMCME2_ADV' [C:/AMDDesignTools/2026.1/Vivado/scripts/rt/data/unisim_comp.v:95724]
	Parameter BANDWIDTH bound to: OPTIMIZED - type: string 
	Parameter CLKFBOUT_MULT_F bound to: 4.275000e+01 - type: double 
	Parameter CLKFBOUT_PHASE bound to: 0.000000e+00 - type: double 
	Parameter CLKFBOUT_USE_FINE_PS bound to: FALSE - type: string 
	Parameter CLKIN1_PERIOD bound to: 8.000000e+00 - type: double 
	Parameter CLKOUT0_DIVIDE_F bound to: 6.212500e+01 - type: double 
	Parameter CLKOUT0_DUTY_CYCLE bound to: 5.000000e-01 - type: double 
	Parameter CLKOUT0_PHASE bound to: 0.000000e+00 - type: double 
	Parameter CLKOUT0_USE_FINE_PS bound to: FALSE - type: string 
	Parameter CLKOUT4_CASCADE bound to: FALSE - type: string 
	Parameter COMPENSATION bound to: ZHOLD - type: string 
	Parameter DIVCLK_DIVIDE bound to: 7 - type: integer 
	Parameter STARTUP_WAIT bound to: FALSE - type: string 
INFO: [Synth 8-6155] done synthesizing module 'MMCME2_ADV' (0#1) [C:/AMDDesignTools/2026.1/Vivado/scripts/rt/data/unisim_comp.v:95724]
INFO: [Synth 8-6157] synthesizing module 'BUFG' [C:/AMDDesignTools/2026.1/Vivado/scripts/rt/data/unisim_comp.v:2678]
INFO: [Synth 8-6155] done synthesizing module 'BUFG' (0#1) [C:/AMDDesignTools/2026.1/Vivado/scripts/rt/data/unisim_comp.v:2678]
INFO: [Synth 8-6155] done synthesizing module 'clk_wiz_audio_clk_wiz' (0#1) [c:/Users/Alex/Desktop/FPGAmixer_main/FPGAmixer/vivado_project/FPGAmixer.gen/sources_1/ip/clk_wiz_audio/clk_wiz_audio_clk_wiz.v:66]
INFO: [Synth 8-6155] done synthesizing module 'clk_wiz_audio' (0#1) [c:/Users/Alex/Desktop/FPGAmixer_main/FPGAmixer/vivado_project/FPGAmixer.gen/sources_1/ip/clk_wiz_audio/clk_wiz_audio.v:66]
---------------------------------------------------------------------------------
Finished RTL Elaboration : Time (s): cpu = 00:00:09 ; elapsed = 00:00:10 . Memory (MB): peak = 1522.453 ; gain = 696.195
---------------------------------------------------------------------------------
---------------------------------------------------------------------------------
Start Handling Custom Attributes
---------------------------------------------------------------------------------
---------------------------------------------------------------------------------
Finished Handling Custom Attributes : Time (s): cpu = 00:00:09 ; elapsed = 00:00:10 . Memory (MB): peak = 1522.453 ; gain = 696.195
---------------------------------------------------------------------------------
---------------------------------------------------------------------------------
Finished RTL Optimization Phase 1 : Time (s): cpu = 00:00:09 ; elapsed = 00:00:10 . Memory (MB): peak = 1522.453 ; gain = 696.195
---------------------------------------------------------------------------------
Netlist sorting complete. Time (s): cpu = 00:00:00 ; elapsed = 00:00:00.001 . Memory (MB): peak = 1522.453 ; gain = 0.000
INFO: [Netlist 29-17] Analyzing 1 Unisim elements for replacement
INFO: [Netlist 29-28] Unisim Transformation completed in 0 CPU seconds
INFO: [Project 1-570] Preparing netlist for logic optimization

Processing XDC Constraints
Initializing timing engine
Parsing XDC File [c:/Users/Alex/Desktop/FPGAmixer_main/FPGAmixer/vivado_project/FPGAmixer.gen/sources_1/ip/clk_wiz_audio/clk_wiz_audio_ooc.xdc] for cell 'inst'
Finished Parsing XDC File [c:/Users/Alex/Desktop/FPGAmixer_main/FPGAmixer/vivado_project/FPGAmixer.gen/sources_1/ip/clk_wiz_audio/clk_wiz_audio_ooc.xdc] for cell 'inst'
Parsing XDC File [c:/Users/Alex/Desktop/FPGAmixer_main/FPGAmixer/vivado_project/FPGAmixer.gen/sources_1/ip/clk_wiz_audio/clk_wiz_audio_board.xdc] for cell 'inst'
Finished Parsing XDC File [c:/Users/Alex/Desktop/FPGAmixer_main/FPGAmixer/vivado_project/FPGAmixer.gen/sources_1/ip/clk_wiz_audio/clk_wiz_audio_board.xdc] for cell 'inst'
Parsing XDC File [c:/Users/Alex/Desktop/FPGAmixer_main/FPGAmixer/vivado_project/FPGAmixer.gen/sources_1/ip/clk_wiz_audio/clk_wiz_audio.xdc] for cell 'inst'
Finished Parsing XDC File [c:/Users/Alex/Desktop/FPGAmixer_main/FPGAmixer/vivado_project/FPGAmixer.gen/sources_1/ip/clk_wiz_audio/clk_wiz_audio.xdc] for cell 'inst'
INFO: [Project 1-236] Implementation specific constraints were found while reading constraint file [c:/Users/Alex/Desktop/FPGAmixer_main/FPGAmixer/vivado_project/FPGAmixer.gen/sources_1/ip/clk_wiz_audio/clk_wiz_audio.xdc]. These constraints will be ignored for synthesis but will be used in implementation. Impacted constraints are listed in the file [.Xil/clk_wiz_audio_propImpl.xdc].
Resolution: To avoid this warning, move constraints listed in [.Xil/clk_wiz_audio_propImpl.xdc] to another XDC file and exclude this new file from synthesis with the used_in_synthesis property (File Properties dialog in GUI) and re-run elaboration/synthesis.
INFO: [Timing 38-2] Deriving generated clocks
Parsing XDC File [C:/Users/Alex/Desktop/FPGAmixer_main/FPGAmixer/vivado_project/FPGAmixer.runs/clk_wiz_audio_synth_1/dont_touch.xdc]
Finished Parsing XDC File [C:/Users/Alex/Desktop/FPGAmixer_main/FPGAmixer/vivado_project/FPGAmixer.runs/clk_wiz_audio_synth_1/dont_touch.xdc]
Completed Processing XDC Constraints

Netlist sorting complete. Time (s): cpu = 00:00:00 ; elapsed = 00:00:00 . Memory (MB): peak = 1522.453 ; gain = 0.000
INFO: [Project 1-111] Unisim Transformation Summary:
No Unisim elements were transformed.

Constraint Validation Runtime : Time (s): cpu = 00:00:00 ; elapsed = 00:00:00.043 . Memory (MB): peak = 1522.453 ; gain = 0.000
INFO: [Designutils 20-5008] Incremental synthesis strategy off
---------------------------------------------------------------------------------
Finished Constraint Validation : Time (s): cpu = 00:00:19 ; elapsed = 00:00:20 . Memory (MB): peak = 1522.453 ; gain = 696.195
---------------------------------------------------------------------------------
---------------------------------------------------------------------------------
Start Loading Part and Timing Information
---------------------------------------------------------------------------------
Loading part: xc7z020clg400-1
---------------------------------------------------------------------------------
Finished Loading Part and Timing Information : Time (s): cpu = 00:00:19 ; elapsed = 00:00:20 . Memory (MB): peak = 1522.453 ; gain = 696.195
---------------------------------------------------------------------------------
---------------------------------------------------------------------------------
Start Applying 'set_property' XDC Constraints
---------------------------------------------------------------------------------
---------------------------------------------------------------------------------
Finished applying 'set_property' XDC Constraints : Time (s): cpu = 00:00:19 ; elapsed = 00:00:20 . Memory (MB): peak = 1522.453 ; gain = 696.195
---------------------------------------------------------------------------------
---------------------------------------------------------------------------------
Finished RTL Optimization Phase 2 : Time (s): cpu = 00:00:19 ; elapsed = 00:00:20 . Memory (MB): peak = 1522.453 ; gain = 696.195
---------------------------------------------------------------------------------
---------------------------------------------------------------------------------
Start RTL Component Statistics 
---------------------------------------------------------------------------------
Detailed RTL Component Info : 
---------------------------------------------------------------------------------
Finished RTL Component Statistics 
---------------------------------------------------------------------------------
---------------------------------------------------------------------------------
Start Part Resource Summary
---------------------------------------------------------------------------------
Part Resources:
DSPs: 220 (col length:60)
BRAMs: 280 (col length: RAMB18 60 RAMB36 30)
---------------------------------------------------------------------------------
Finished Part Resource Summary
---------------------------------------------------------------------------------
---------------------------------------------------------------------------------
Start Cross Boundary and Area Optimization
---------------------------------------------------------------------------------
---------------------------------------------------------------------------------
Finished Cross Boundary and Area Optimization : Time (s): cpu = 00:00:21 ; elapsed = 00:00:23 . Memory (MB): peak = 1551.148 ; gain = 724.891
---------------------------------------------------------------------------------
---------------------------------------------------------------------------------
Start Applying XDC Timing Constraints
---------------------------------------------------------------------------------
---------------------------------------------------------------------------------
Finished Applying XDC Timing Constraints : Time (s): cpu = 00:00:27 ; elapsed = 00:00:29 . Memory (MB): peak = 1723.734 ; gain = 897.477
---------------------------------------------------------------------------------
---------------------------------------------------------------------------------
Start Timing Optimization
---------------------------------------------------------------------------------
---------------------------------------------------------------------------------
Finished Timing Optimization : Time (s): cpu = 00:00:27 ; elapsed = 00:00:29 . Memory (MB): peak = 1723.734 ; gain = 897.477
---------------------------------------------------------------------------------
---------------------------------------------------------------------------------
Start Technology Mapping
---------------------------------------------------------------------------------
---------------------------------------------------------------------------------
Finished Technology Mapping : Time (s): cpu = 00:00:27 ; elapsed = 00:00:29 . Memory (MB): peak = 1733.281 ; gain = 907.023
---------------------------------------------------------------------------------
---------------------------------------------------------------------------------
Start IO Insertion
---------------------------------------------------------------------------------
---------------------------------------------------------------------------------
Start Flattening Before IO Insertion
---------------------------------------------------------------------------------
---------------------------------------------------------------------------------
Finished Flattening Before IO Insertion
---------------------------------------------------------------------------------
---------------------------------------------------------------------------------
Start Final Netlist Cleanup
---------------------------------------------------------------------------------
---------------------------------------------------------------------------------
Finished Final Netlist Cleanup
---------------------------------------------------------------------------------
---------------------------------------------------------------------------------
Finished IO Insertion : Time (s): cpu = 00:00:35 ; elapsed = 00:00:37 . Memory (MB): peak = 2008.781 ; gain = 1182.523
---------------------------------------------------------------------------------
---------------------------------------------------------------------------------
Start Renaming Generated Instances
---------------------------------------------------------------------------------
---------------------------------------------------------------------------------
Finished Renaming Generated Instances : Time (s): cpu = 00:00:35 ; elapsed = 00:00:37 . Memory (MB): peak = 2008.781 ; gain = 1182.523
---------------------------------------------------------------------------------
---------------------------------------------------------------------------------
Start Rebuilding User Hierarchy
---------------------------------------------------------------------------------
---------------------------------------------------------------------------------
Finished Rebuilding User Hierarchy : Time (s): cpu = 00:00:35 ; elapsed = 00:00:37 . Memory (MB): peak = 2008.781 ; gain = 1182.523
---------------------------------------------------------------------------------
---------------------------------------------------------------------------------
Start Renaming Generated Ports
---------------------------------------------------------------------------------
---------------------------------------------------------------------------------
Finished Renaming Generated Ports : Time (s): cpu = 00:00:35 ; elapsed = 00:00:37 . Memory (MB): peak = 2008.781 ; gain = 1182.523
---------------------------------------------------------------------------------
---------------------------------------------------------------------------------
Start Handling Custom Attributes
---------------------------------------------------------------------------------
---------------------------------------------------------------------------------
Finished Handling Custom Attributes : Time (s): cpu = 00:00:35 ; elapsed = 00:00:37 . Memory (MB): peak = 2008.781 ; gain = 1182.523
---------------------------------------------------------------------------------
---------------------------------------------------------------------------------
Start Renaming Generated Nets
---------------------------------------------------------------------------------
---------------------------------------------------------------------------------
Finished Renaming Generated Nets : Time (s): cpu = 00:00:35 ; elapsed = 00:00:37 . Memory (MB): peak = 2008.781 ; gain = 1182.523
---------------------------------------------------------------------------------
---------------------------------------------------------------------------------
Start Writing Synthesis Report
---------------------------------------------------------------------------------

Report BlackBoxes: 
+-+--------------+----------+
| |BlackBox name |Instances |
+-+--------------+----------+
+-+--------------+----------+

Report Cell Usage: 
+------+-----------+------+
|      |Cell       |Count |
+------+-----------+------+
|1     |BUFG       |     2|
|2     |MMCME2_ADV |     1|
|3     |IBUF       |     1|
+------+-----------+------+
---------------------------------------------------------------------------------
Finished Writing Synthesis Report : Time (s): cpu = 00:00:35 ; elapsed = 00:00:37 . Memory (MB): peak = 2008.781 ; gain = 1182.523
---------------------------------------------------------------------------------
Synthesis finished with 0 errors, 0 critical warnings and 0 warnings.
Synthesis Optimization Runtime : Time (s): cpu = 00:00:24 ; elapsed = 00:00:34 . Memory (MB): peak = 2008.781 ; gain = 1182.523
Synthesis Optimization Complete : Time (s): cpu = 00:00:35 ; elapsed = 00:00:37 . Memory (MB): peak = 2008.781 ; gain = 1182.523
INFO: [Project 1-571] Translating synthesized netlist
Netlist sorting complete. Time (s): cpu = 00:00:00 ; elapsed = 00:00:00 . Memory (MB): peak = 2008.781 ; gain = 0.000
INFO: [Netlist 29-17] Analyzing 1 Unisim elements for replacement
INFO: [Netlist 29-28] Unisim Transformation completed in 0 CPU seconds
INFO: [Project 1-570] Preparing netlist for logic optimization
INFO: [Opt 31-138] Pushed 0 inverter(s) to 0 load pin(s).
Netlist sorting complete. Time (s): cpu = 00:00:00 ; elapsed = 00:00:00 . Memory (MB): peak = 2021.535 ; gain = 0.000
INFO: [Project 1-111] Unisim Transformation Summary:
No Unisim elements were transformed.

Synth Design complete | Checksum: 78c65b4e
INFO: [Common 17-83] Releasing license: Vivado_Synthesis
30 Infos, 0 Warnings, 0 Critical Warnings and 0 Errors encountered.
synth_design completed successfully
synth_design: Time (s): cpu = 00:00:40 ; elapsed = 00:00:43 . Memory (MB): peak = 2021.535 ; gain = 1422.598
Write ShapeDB Complete: Time (s): cpu = 00:00:00 ; elapsed = 00:00:00.001 . Memory (MB): peak = 2021.535 ; gain = 0.000
INFO: [Common 17-1381] The checkpoint 'C:/Users/Alex/Desktop/FPGAmixer_main/FPGAmixer/vivado_project/FPGAmixer.runs/clk_wiz_audio_synth_1/clk_wiz_audio.dcp' has been generated.
INFO: [Ipptcl 7-1612] Added synthesis output to IP cache for IP clk_wiz_audio, cache-ID = 43f1f39c9586ebff
Write ShapeDB Complete: Time (s): cpu = 00:00:00 ; elapsed = 00:00:00.001 . Memory (MB): peak = 2021.535 ; gain = 0.000
INFO: [Common 17-1381] The checkpoint 'C:/Users/Alex/Desktop/FPGAmixer_main/FPGAmixer/vivado_project/FPGAmixer.runs/clk_wiz_audio_synth_1/clk_wiz_audio.dcp' has been generated.
INFO: [Vivado 12-24828] Executing command : report_utilization -file clk_wiz_audio_utilization_synth.rpt -pb clk_wiz_audio_utilization_synth.pb
INFO: [Common 17-206] Exiting Vivado at Thu Aug  6 15:17:23 2026...
[Thu Aug  6 15:17:26 2026] clk_wiz_audio_synth_1 finished
wait_on_runs: Time (s): cpu = 00:00:04 ; elapsed = 00:01:00 . Memory (MB): peak = 1991.113 ; gain = 0.000
launch_simulation
Command: launch_simulation  -mode behavioral
INFO: [Vivado 12-25911] Executing simulation for 'XSim' simulator
INFO: [Vivado 12-28535] Process started - Thu Aug  6 15:17:26 2026

INFO: [Vivado 12-12493] Simulation top is 'phase2_top'
INFO: [Vivado 12-5698] Checking validity of IPs in the design for the 'XSim' simulator...
INFO: [Vivado 12-5682] Launching behavioral simulation in 'C:/Users/Alex/Desktop/FPGAmixer_main/FPGAmixer/vivado_project/FPGAmixer.sim/sim_1/behav/xsim'
INFO: [Vivado 12-4795] Using compiled simulation libraries for IPs
INFO: [SIM-utils-51] Simulation object is 'sim_1'
INFO: [SIM-utils-72] Using boost library from 'C:/AMDDesignTools/2026.1/Vivado/tps/boost_1_72_0'
INFO: [USF-XSim-7] Finding pre-compiled libraries...
INFO: [USF-XSim-11] File 'C:/AMDDesignTools/2026.1/Vivado/data/xsim/xsim.ini' copied to run dir:'C:/Users/Alex/Desktop/FPGAmixer_main/FPGAmixer/vivado_project/FPGAmixer.sim/sim_1/behav/xsim'
INFO: [SIM-utils-54] Inspecting design source files for 'phase2_top' in fileset 'sim_1'...
INFO: [USF-XSim-97] Finding global include files...
INFO: [USF-XSim-98] Fetching design files from 'sim_1'...
INFO: [USF-XSim-2] XSim::Compile design
INFO: [USF-XSim-61] Executing 'COMPILE and ANALYZE' step in 'C:/Users/Alex/Desktop/FPGAmixer_main/FPGAmixer/vivado_project/FPGAmixer.sim/sim_1/behav/xsim'
"xvlog --incr --relax -L uvm -prj phase2_top_vlog.prj"
INFO: [VRFC 10-2263] Analyzing Verilog file "C:/Users/Alex/Desktop/FPGAmixer_main/FPGAmixer/vivado_project/FPGAmixer.gen/sources_1/ip/clk_wiz_audio/clk_wiz_audio_clk_wiz.v" into library xil_defaultlib
INFO: [VRFC 10-311] analyzing module clk_wiz_audio_clk_wiz
INFO: [VRFC 10-2263] Analyzing Verilog file "C:/Users/Alex/Desktop/FPGAmixer_main/FPGAmixer/vivado_project/FPGAmixer.gen/sources_1/ip/clk_wiz_audio/clk_wiz_audio.v" into library xil_defaultlib
INFO: [VRFC 10-311] analyzing module clk_wiz_audio
INFO: [VRFC 10-2263] Analyzing SystemVerilog file "C:/Users/Alex/Desktop/FPGAmixer_main/FPGAmixer/src/rtl/i2s_clock_divider.sv" into library xil_defaultlib
INFO: [VRFC 10-311] analyzing module i2s_clock_divider
INFO: [VRFC 10-2263] Analyzing SystemVerilog file "C:/Users/Alex/Desktop/FPGAmixer_main/FPGAmixer/src/rtl/i2s_receiver.sv" into library xil_defaultlib
INFO: [VRFC 10-311] analyzing module i2s_receiver
INFO: [VRFC 10-2263] Analyzing SystemVerilog file "C:/Users/Alex/Desktop/FPGAmixer_main/FPGAmixer/src/rtl/i2s_transmitter.sv" into library xil_defaultlib
INFO: [VRFC 10-311] analyzing module i2s_transmitter
INFO: [VRFC 10-2263] Analyzing SystemVerilog file "C:/Users/Alex/Desktop/FPGAmixer_main/FPGAmixer/src/rtl/reset_sync.sv" into library xil_defaultlib
INFO: [VRFC 10-311] analyzing module reset_sync
INFO: [VRFC 10-2263] Analyzing SystemVerilog file "C:/Users/Alex/Desktop/FPGAmixer_main/FPGAmixer/src/rtl/phase2_top.sv" into library xil_defaultlib
INFO: [VRFC 10-311] analyzing module phase2_top
INFO: [VRFC 10-2263] Analyzing Verilog file "C:/Users/Alex/Desktop/FPGAmixer_main/FPGAmixer/vivado_project/FPGAmixer.sim/sim_1/behav/xsim/glbl.v" into library xil_defaultlib
INFO: [VRFC 10-311] analyzing module glbl
INFO: [USF-XSim-69] 'compile' step finished in '2' seconds
INFO: [USF-XSim-3] XSim::Elaborate design
INFO: [USF-XSim-61] Executing 'ELABORATE' step in 'C:/Users/Alex/Desktop/FPGAmixer_main/FPGAmixer/vivado_project/FPGAmixer.sim/sim_1/behav/xsim'
"xelab --incr --debug typical --relax --mt 2 -L xil_defaultlib -L uvm -L unisims_ver -L unimacro_ver -L secureip -L xpm --snapshot phase2_top_behav xil_defaultlib.phase2_top xil_defaultlib.glbl -log elaborate.log"
Vivado Simulator v2026.1
Copyright 1986-2022 Xilinx, Inc. All Rights Reserved.
Copyright 2022-2026 Advanced Micro Devices, Inc. All Rights Reserved.
Running: C:/AMDDesignTools/2026.1/Vivado/bin/unwrapped/win64.o/xelab.exe --incr --debug typical --relax --mt 2 -L xil_defaultlib -L uvm -L unisims_ver -L unimacro_ver -L secureip -L xpm --snapshot phase2_top_behav xil_defaultlib.phase2_top xil_defaultlib.glbl -log elaborate.log 
INFO: [XSIM 43-3493] Using 2 slave threads.
Starting static elaboration
Pass Through NonSizing Optimizer
Completed static elaboration
Starting simulation data flow analysis
Completed simulation data flow analysis
Time Resolution for simulation is 1ps
Compiling module unisims_ver.IBUF
Compiling module unisims_ver.MMCME2_ADV(CLKFBOUT_MULT_F=42.75...
Compiling module unisims_ver.BUFG
Compiling module xil_defaultlib.clk_wiz_audio_clk_wiz
Compiling module xil_defaultlib.clk_wiz_audio
Compiling module xil_defaultlib.reset_sync
Compiling module xil_defaultlib.i2s_clock_divider
Compiling module xil_defaultlib.i2s_receiver
Compiling module xil_defaultlib.i2s_transmitter
Compiling module xil_defaultlib.phase2_top
Compiling module xil_defaultlib.glbl
Built simulation snapshot phase2_top_behav
run_program: Time (s): cpu = 00:00:00 ; elapsed = 00:00:06 . Memory (MB): peak = 1991.113 ; gain = 0.000
INFO: [USF-XSim-69] 'elaborate' step finished in '5' seconds
INFO: [USF-XSim-4] XSim::Simulate design
INFO: [USF-XSim-61] Executing 'SIMULATE' step in 'C:/Users/Alex/Desktop/FPGAmixer_main/FPGAmixer/vivado_project/FPGAmixer.sim/sim_1/behav/xsim'
INFO: [USF-XSim-98] *** Running xsim
   with args "phase2_top_behav -key {Behavioral:sim_1:Functional:phase2_top} -tclbatch {phase2_top.tcl} -log {simulate.log}"
INFO: [USF-XSim-8] Loading simulator feature
Time resolution is 1 ps
source phase2_top.tcl
# set curr_wave [current_wave_config]
# if { [string length $curr_wave] == 0 } {
#   if { [llength [get_objects]] > 0} {
#     add_wave /
#     set_property needs_save false [current_wave_config]
#   } else {
#      send_msg_id Add_Wave-1 WARNING "No top level signals found. Simulator will start without a wave window. If you want to open a wave window go to 'File->New Waveform Configuration' or type 'create_wave_config' in the TCL console."
#   }
# }
# run 1000ns
INFO: [USF-XSim-96] XSim completed. Design snapshot 'phase2_top_behav' loaded.
INFO: [USF-XSim-97] XSim simulation ran for 1000ns
launch_simulation: Time (s): cpu = 00:00:06 ; elapsed = 00:00:10 . Memory (MB): peak = 1994.016 ; gain = 2.902
run al
ERROR: [Simtcl 6-18] Time value al is missing the numeric part.
run all
INFO: [Common 17-41] Interrupt caught. Command should exit soon.
run: Time (s): cpu = 00:00:13 ; elapsed = 00:05:26 . Memory (MB): peak = 2114.906 ; gain = 0.000
INFO: [Common 17-344] 'run' was cancelled
get_files -of_objects [get_filesets sim_1]
WARNING: [Vivado 12-818] No files matched '*'
set_property SOURCE_SET sources_1 [get_filesets sim_1]
add_files -fileset sim_1 -norecurse {C:/Users/Alex/Desktop/FPGAmixer_main/FPGAmixer/src/sim/tb_i2s_transmitter.sv C:/Users/Alex/Desktop/FPGAmixer_main/FPGAmixer/src/sim/tb_i2s_receiver.sv C:/Users/Alex/Desktop/FPGAmixer_main/FPGAmixer/src/sim/tb_i2s_loopback.sv}
update_compile_order -fileset sim_1
set_property top tb_i2s_receiver [get_filesets sim_1]
restart
INFO: [Wavedata 42-604] Simulation restarted
run all
INFO: [Common 17-41] Interrupt caught. Command should exit soon.
run: Time (s): cpu = 00:00:01 ; elapsed = 00:00:14 . Memory (MB): peak = 3101.176 ; gain = 0.000
INFO: [Common 17-344] 'run' was cancelled
update_compile_order -fileset sim_1
stop
relaunch_sim
INFO: xsimkernel Simulation Memory Usage: 21116 KB (Peak: 21116 KB), Simulation CPU Usage: 338484 ms
Command: launch_simulation -step compile -simset sim_1 -mode behavioral
INFO: [Vivado 12-25911] Executing simulation for 'XSim' simulator
INFO: [Vivado 12-28535] Process started - Thu Aug  6 15:40:46 2026

INFO: [Vivado 12-12493] Simulation top is 'tb_i2s_receiver'
INFO: [Vivado 12-5698] Checking validity of IPs in the design for the 'XSim' simulator...
INFO: [Vivado 12-5682] Launching behavioral simulation in 'C:/Users/Alex/Desktop/FPGAmixer_main/FPGAmixer/vivado_project/FPGAmixer.sim/sim_1/behav/xsim'
INFO: [Vivado 12-4795] Using compiled simulation libraries for IPs
INFO: [SIM-utils-51] Simulation object is 'sim_1'
INFO: [SIM-utils-72] Using boost library from 'C:/AMDDesignTools/2026.1/Vivado/tps/boost_1_72_0'
INFO: [USF-XSim-7] Finding pre-compiled libraries...
INFO: [USF-XSim-11] File 'C:/AMDDesignTools/2026.1/Vivado/data/xsim/xsim.ini' copied to run dir:'C:/Users/Alex/Desktop/FPGAmixer_main/FPGAmixer/vivado_project/FPGAmixer.sim/sim_1/behav/xsim'
INFO: [SIM-utils-54] Inspecting design source files for 'tb_i2s_receiver' in fileset 'sim_1'...
INFO: [USF-XSim-97] Finding global include files...
INFO: [USF-XSim-98] Fetching design files from 'sim_1'...
INFO: [USF-XSim-2] XSim::Compile design
INFO: [USF-XSim-61] Executing 'COMPILE and ANALYZE' step in 'C:/Users/Alex/Desktop/FPGAmixer_main/FPGAmixer/vivado_project/FPGAmixer.sim/sim_1/behav/xsim'
"xvlog --incr --relax -L uvm -prj tb_i2s_receiver_vlog.prj"
INFO: [VRFC 10-2263] Analyzing SystemVerilog file "C:/Users/Alex/Desktop/FPGAmixer_main/FPGAmixer/src/sim/tb_i2s_receiver.sv" into library xil_defaultlib
INFO: [VRFC 10-311] analyzing module tb_i2s_receiver
INFO: [USF-XSim-69] 'compile' step finished in '2' seconds
Command: launch_simulation -step elaborate -simset sim_1 -mode behavioral
INFO: [Vivado 12-25911] Executing simulation for 'XSim' simulator
INFO: [Vivado 12-28535] Process started - Thu Aug  6 15:40:48 2026

INFO: [Vivado 12-12493] Simulation top is 'tb_i2s_receiver'
INFO: [Vivado 12-5698] Checking validity of IPs in the design for the 'XSim' simulator...
INFO: [Vivado 12-5682] Launching behavioral simulation in 'C:/Users/Alex/Desktop/FPGAmixer_main/FPGAmixer/vivado_project/FPGAmixer.sim/sim_1/behav/xsim'
INFO: [Vivado 12-4795] Using compiled simulation libraries for IPs
INFO: [SIM-utils-51] Simulation object is 'sim_1'
INFO: [USF-XSim-3] XSim::Elaborate design
INFO: [USF-XSim-61] Executing 'ELABORATE' step in 'C:/Users/Alex/Desktop/FPGAmixer_main/FPGAmixer/vivado_project/FPGAmixer.sim/sim_1/behav/xsim'
"xelab --incr --debug typical --relax --mt 2 -L xil_defaultlib -L uvm -L unisims_ver -L unimacro_ver -L secureip -L xpm --snapshot tb_i2s_receiver_behav xil_defaultlib.tb_i2s_receiver xil_defaultlib.glbl -log elaborate.log"
Vivado Simulator v2026.1
Copyright 1986-2022 Xilinx, Inc. All Rights Reserved.
Copyright 2022-2026 Advanced Micro Devices, Inc. All Rights Reserved.
Running: C:/AMDDesignTools/2026.1/Vivado/bin/unwrapped/win64.o/xelab.exe --incr --debug typical --relax --mt 2 -L xil_defaultlib -L uvm -L unisims_ver -L unimacro_ver -L secureip -L xpm --snapshot tb_i2s_receiver_behav xil_defaultlib.tb_i2s_receiver xil_defaultlib.glbl -log elaborate.log 
INFO: [XSIM 43-3493] Using 2 slave threads.
Starting static elaboration
Pass Through NonSizing Optimizer
Completed static elaboration
Starting simulation data flow analysis
Completed simulation data flow analysis
Time Resolution for simulation is 1ps
Compiling module xil_defaultlib.i2s_clock_divider
Compiling module xil_defaultlib.i2s_receiver
Compiling module xil_defaultlib.tb_i2s_receiver
Compiling module xil_defaultlib.glbl
Built simulation snapshot tb_i2s_receiver_behav
INFO: [USF-XSim-69] 'elaborate' step finished in '3' seconds
Time resolution is 1 ps
relaunch_sim: Time (s): cpu = 00:00:01 ; elapsed = 00:00:07 . Memory (MB): peak = 3101.176 ; gain = 0.000
set_property top tb_i2s_receiver [get_filesets sim_1]
restart
INFO: [Wavedata 42-604] Simulation restarted
run all
INFO: [Common 17-41] Interrupt caught. Command should exit soon.
run: Time (s): cpu = 00:00:02 ; elapsed = 00:00:16 . Memory (MB): peak = 3101.176 ; gain = 0.000
INFO: [Common 17-344] 'run' was cancelled
set_property top tb_i2s_transmitter [get_filesets sim_1]
update_compile_order -fileset sim_1
relaunch_sim
INFO: xsimkernel Simulation Memory Usage: 20452 KB (Peak: 20452 KB), Simulation CPU Usage: 16233 ms
Command: launch_simulation -step compile -simset sim_1 -mode behavioral
INFO: [Vivado 12-25911] Executing simulation for 'XSim' simulator
INFO: [Vivado 12-28535] Process started - Thu Aug  6 15:44:05 2026

INFO: [Vivado 12-12493] Simulation top is 'tb_i2s_transmitter'
INFO: [Vivado 12-5698] Checking validity of IPs in the design for the 'XSim' simulator...
INFO: [Vivado 12-5682] Launching behavioral simulation in 'C:/Users/Alex/Desktop/FPGAmixer_main/FPGAmixer/vivado_project/FPGAmixer.sim/sim_1/behav/xsim'
INFO: [Vivado 12-4795] Using compiled simulation libraries for IPs
INFO: [SIM-utils-51] Simulation object is 'sim_1'
INFO: [USF-XSim-2] XSim::Compile design
INFO: [USF-XSim-61] Executing 'COMPILE and ANALYZE' step in 'C:/Users/Alex/Desktop/FPGAmixer_main/FPGAmixer/vivado_project/FPGAmixer.sim/sim_1/behav/xsim'
"xvlog --incr --relax -L uvm -prj tb_i2s_transmitter_vlog.prj"
INFO: [USF-XSim-69] 'compile' step finished in '1' seconds
Command: launch_simulation -step elaborate -simset sim_1 -mode behavioral
INFO: [Vivado 12-25911] Executing simulation for 'XSim' simulator
INFO: [Vivado 12-28535] Process started - Thu Aug  6 15:44:06 2026

INFO: [Vivado 12-12493] Simulation top is 'tb_i2s_transmitter'
INFO: [Vivado 12-5698] Checking validity of IPs in the design for the 'XSim' simulator...
INFO: [Vivado 12-5682] Launching behavioral simulation in 'C:/Users/Alex/Desktop/FPGAmixer_main/FPGAmixer/vivado_project/FPGAmixer.sim/sim_1/behav/xsim'
INFO: [Vivado 12-4795] Using compiled simulation libraries for IPs
INFO: [SIM-utils-51] Simulation object is 'sim_1'
INFO: [USF-XSim-3] XSim::Elaborate design
INFO: [USF-XSim-61] Executing 'ELABORATE' step in 'C:/Users/Alex/Desktop/FPGAmixer_main/FPGAmixer/vivado_project/FPGAmixer.sim/sim_1/behav/xsim'
"xelab --incr --debug typical --relax --mt 2 -L xil_defaultlib -L uvm -L unisims_ver -L unimacro_ver -L secureip -L xpm --snapshot tb_i2s_transmitter_behav xil_defaultlib.tb_i2s_transmitter xil_defaultlib.glbl -log elaborate.log"
Vivado Simulator v2026.1
Copyright 1986-2022 Xilinx, Inc. All Rights Reserved.
Copyright 2022-2026 Advanced Micro Devices, Inc. All Rights Reserved.
Running: C:/AMDDesignTools/2026.1/Vivado/bin/unwrapped/win64.o/xelab.exe --incr --debug typical --relax --mt 2 -L xil_defaultlib -L uvm -L unisims_ver -L unimacro_ver -L secureip -L xpm --snapshot tb_i2s_transmitter_behav xil_defaultlib.tb_i2s_transmitter xil_defaultlib.glbl -log elaborate.log 
INFO: [XSIM 43-3493] Using 2 slave threads.
ERROR: [XSIM 43-3225] Cannot find design unit xil_defaultlib.tb_i2s_transmitter in library work located at xsim.dir/work.
INFO: [USF-XSim-69] 'elaborate' step finished in '1' seconds
INFO: [USF-XSim-99] Step results log file:'C:/Users/Alex/Desktop/FPGAmixer_main/FPGAmixer/vivado_project/FPGAmixer.sim/sim_1/behav/xsim/elaborate.log'
ERROR: [USF-XSim-62] 'elaborate' step failed with error(s). Please check the Tcl console output or 'C:/Users/Alex/Desktop/FPGAmixer_main/FPGAmixer/vivado_project/FPGAmixer.sim/sim_1/behav/xsim/elaborate.log' file for more information.
ERROR: [Vivado 12-4473] Detected error while running simulation. Please correct the issue and retry this operation.
ERROR: [Common 17-39] 'launch_simulation' failed due to earlier errors.
ERROR: [Common 17-69] Command failed: ERROR: [Common 17-39] 'launch_simulation' failed due to earlier errors.

source C:/Users/Alex/Desktop/FPGAmixer_main/FPGAmixer/scripts/run_sim.tcl
# set proj_file "vivado_project/FPGAmixer.xpr"
# if {![file exists $proj_file]} {
#     puts "ERROR: $proj_file not found. Run scripts/create_project.tcl first."
#     return
# }
# if {[catch {current_project}]} {
#     open_project $proj_file
# }
# set testbenches {
#     tb_i2s_receiver
#     tb_i2s_transmitter
#     tb_i2s_loopback
# }
# foreach tb $testbenches {
#     puts ""
#     puts "------------------------------------------------------------------"
#     puts "  Running $tb"
#     puts "------------------------------------------------------------------"
# 
#     # Point the sim fileset at this testbench and launch behavioral sim.
#     set_property top $tb [get_filesets sim_1]
# 
#     # If a previous simulation is still open, close it before relaunching.
#     if {![catch {current_sim}]} {
#         close_sim -quiet
#     }
# 
#     launch_simulation -mode behavioral
#     run all
#     close_sim
# }

------------------------------------------------------------------
  Running tb_i2s_receiver
------------------------------------------------------------------
Command: launch_simulation  -mode behavioral
INFO: [Vivado 12-25911] Executing simulation for 'XSim' simulator
INFO: [Vivado 12-28535] Process started - Thu Aug  6 15:44:47 2026

INFO: [Vivado 12-12493] Simulation top is 'tb_i2s_receiver'
INFO: [Vivado 12-5698] Checking validity of IPs in the design for the 'XSim' simulator...
INFO: [Vivado 12-5682] Launching behavioral simulation in 'C:/Users/Alex/Desktop/FPGAmixer_main/FPGAmixer/vivado_project/FPGAmixer.sim/sim_1/behav/xsim'
INFO: [Vivado 12-4795] Using compiled simulation libraries for IPs
INFO: [SIM-utils-51] Simulation object is 'sim_1'
INFO: [SIM-utils-72] Using boost library from 'C:/AMDDesignTools/2026.1/Vivado/tps/boost_1_72_0'
INFO: [USF-XSim-7] Finding pre-compiled libraries...
INFO: [USF-XSim-11] File 'C:/AMDDesignTools/2026.1/Vivado/data/xsim/xsim.ini' copied to run dir:'C:/Users/Alex/Desktop/FPGAmixer_main/FPGAmixer/vivado_project/FPGAmixer.sim/sim_1/behav/xsim'
INFO: [SIM-utils-54] Inspecting design source files for 'tb_i2s_receiver' in fileset 'sim_1'...
INFO: [USF-XSim-97] Finding global include files...
INFO: [USF-XSim-98] Fetching design files from 'sim_1'...
INFO: [USF-XSim-2] XSim::Compile design
INFO: [USF-XSim-61] Executing 'COMPILE and ANALYZE' step in 'C:/Users/Alex/Desktop/FPGAmixer_main/FPGAmixer/vivado_project/FPGAmixer.sim/sim_1/behav/xsim'
"xvlog --incr --relax -L uvm -prj tb_i2s_receiver_vlog.prj"
INFO: [USF-XSim-69] 'compile' step finished in '1' seconds
INFO: [USF-XSim-3] XSim::Elaborate design
INFO: [USF-XSim-61] Executing 'ELABORATE' step in 'C:/Users/Alex/Desktop/FPGAmixer_main/FPGAmixer/vivado_project/FPGAmixer.sim/sim_1/behav/xsim'
"xelab --incr --debug typical --relax --mt 2 -L xil_defaultlib -L uvm -L unisims_ver -L unimacro_ver -L secureip -L xpm --snapshot tb_i2s_receiver_behav xil_defaultlib.tb_i2s_receiver xil_defaultlib.glbl -log elaborate.log"
Vivado Simulator v2026.1
Copyright 1986-2022 Xilinx, Inc. All Rights Reserved.
Copyright 2022-2026 Advanced Micro Devices, Inc. All Rights Reserved.
Running: C:/AMDDesignTools/2026.1/Vivado/bin/unwrapped/win64.o/xelab.exe --incr --debug typical --relax --mt 2 -L xil_defaultlib -L uvm -L unisims_ver -L unimacro_ver -L secureip -L xpm --snapshot tb_i2s_receiver_behav xil_defaultlib.tb_i2s_receiver xil_defaultlib.glbl -log elaborate.log 
INFO: [XSIM 43-3493] Using 2 slave threads.
Starting static elaboration
Pass Through NonSizing Optimizer
Completed static elaboration
INFO: [XSIM 43-4323] No Change in HDL. Linking previously generated obj files to create kernel
INFO: [USF-XSim-69] 'elaborate' step finished in '1' seconds
INFO: [USF-XSim-4] XSim::Simulate design
INFO: [USF-XSim-61] Executing 'SIMULATE' step in 'C:/Users/Alex/Desktop/FPGAmixer_main/FPGAmixer/vivado_project/FPGAmixer.sim/sim_1/behav/xsim'
INFO: [USF-XSim-98] *** Running xsim
   with args "tb_i2s_receiver_behav -key {Behavioral:sim_1:Functional:tb_i2s_receiver} -tclbatch {tb_i2s_receiver.tcl} -log {simulate.log}"
INFO: [USF-XSim-8] Loading simulator feature
Time resolution is 1 ps
source tb_i2s_receiver.tcl
## set curr_wave [current_wave_config]
## if { [string length $curr_wave] == 0 } {
##   if { [llength [get_objects]] > 0} {
##     add_wave /
##     set_property needs_save false [current_wave_config]
##   } else {
##      send_msg_id Add_Wave-1 WARNING "No top level signals found. Simulator will start without a wave window. If you want to open a wave window go to 'File->New Waveform Configuration' or type 'create_wave_config' in the TCL console."
##   }
## }
## run 1000ns

=== tb_i2s_receiver ===
Reset released.
INFO: [USF-XSim-96] XSim completed. Design snapshot 'tb_i2s_receiver_behav' loaded.
INFO: [USF-XSim-97] XSim simulation ran for 1000ns
Test 1: L=0xA5A5A5, R=0x5A5A5A
  [FAIL] left_data: expected 0xa5a5a5, got 0x52d2d2
  [FAIL] right_data: expected 0x5a5a5a, got 0x2d2d2d
Test 2: L=0xFFFFFF, R=0x000000
  [FAIL] left_data: expected 0xffffff, got 0x7fffff
  [ok] right_data: 0x000000
Test 3: L=0x123456, R=0xABCDEF
  [FAIL] left_data: expected 0x123456, got 0x091a2b
  [FAIL] right_data: expected 0xabcdef, got 0x55e6f7

FAIL: tb_i2s_receiver - 5 check(s) failed

$finish called at time : 146002500 ps : File "C:/Users/Alex/Desktop/FPGAmixer_main/FPGAmixer/src/sim/tb_i2s_receiver.sv" Line 139
INFO: [Simtcl 6-16] Simulation closed

------------------------------------------------------------------
  Running tb_i2s_transmitter
------------------------------------------------------------------
Command: launch_simulation  -mode behavioral
INFO: [Vivado 12-25911] Executing simulation for 'XSim' simulator
INFO: [Vivado 12-28535] Process started - Thu Aug  6 15:44:53 2026

INFO: [Vivado 12-12493] Simulation top is 'tb_i2s_transmitter'
INFO: [Vivado 12-5698] Checking validity of IPs in the design for the 'XSim' simulator...
INFO: [Vivado 12-5682] Launching behavioral simulation in 'C:/Users/Alex/Desktop/FPGAmixer_main/FPGAmixer/vivado_project/FPGAmixer.sim/sim_1/behav/xsim'
INFO: [Vivado 12-4795] Using compiled simulation libraries for IPs
INFO: [SIM-utils-51] Simulation object is 'sim_1'
INFO: [SIM-utils-72] Using boost library from 'C:/AMDDesignTools/2026.1/Vivado/tps/boost_1_72_0'
INFO: [USF-XSim-7] Finding pre-compiled libraries...
INFO: [USF-XSim-11] File 'C:/AMDDesignTools/2026.1/Vivado/data/xsim/xsim.ini' copied to run dir:'C:/Users/Alex/Desktop/FPGAmixer_main/FPGAmixer/vivado_project/FPGAmixer.sim/sim_1/behav/xsim'
INFO: [SIM-utils-54] Inspecting design source files for 'tb_i2s_transmitter' in fileset 'sim_1'...
INFO: [USF-XSim-97] Finding global include files...
INFO: [USF-XSim-98] Fetching design files from 'sim_1'...
INFO: [USF-XSim-2] XSim::Compile design
INFO: [USF-XSim-61] Executing 'COMPILE and ANALYZE' step in 'C:/Users/Alex/Desktop/FPGAmixer_main/FPGAmixer/vivado_project/FPGAmixer.sim/sim_1/behav/xsim'
"xvlog --incr --relax -L uvm -prj tb_i2s_transmitter_vlog.prj"
INFO: [VRFC 10-2263] Analyzing SystemVerilog file "C:/Users/Alex/Desktop/FPGAmixer_main/FPGAmixer/src/sim/tb_i2s_transmitter.sv" into library xil_defaultlib
INFO: [VRFC 10-311] analyzing module tb_i2s_transmitter
INFO: [USF-XSim-69] 'compile' step finished in '1' seconds
INFO: [USF-XSim-3] XSim::Elaborate design
INFO: [USF-XSim-61] Executing 'ELABORATE' step in 'C:/Users/Alex/Desktop/FPGAmixer_main/FPGAmixer/vivado_project/FPGAmixer.sim/sim_1/behav/xsim'
"xelab --incr --debug typical --relax --mt 2 -L xil_defaultlib -L uvm -L unisims_ver -L unimacro_ver -L secureip -L xpm --snapshot tb_i2s_transmitter_behav xil_defaultlib.tb_i2s_transmitter xil_defaultlib.glbl -log elaborate.log"
Vivado Simulator v2026.1
Copyright 1986-2022 Xilinx, Inc. All Rights Reserved.
Copyright 2022-2026 Advanced Micro Devices, Inc. All Rights Reserved.
Running: C:/AMDDesignTools/2026.1/Vivado/bin/unwrapped/win64.o/xelab.exe --incr --debug typical --relax --mt 2 -L xil_defaultlib -L uvm -L unisims_ver -L unimacro_ver -L secureip -L xpm --snapshot tb_i2s_transmitter_behav xil_defaultlib.tb_i2s_transmitter xil_defaultlib.glbl -log elaborate.log 
INFO: [XSIM 43-3493] Using 2 slave threads.
Starting static elaboration
Pass Through NonSizing Optimizer
Completed static elaboration
Starting simulation data flow analysis
Completed simulation data flow analysis
Time Resolution for simulation is 1ps
Compiling module xil_defaultlib.i2s_clock_divider
Compiling module xil_defaultlib.i2s_transmitter
Compiling module xil_defaultlib.tb_i2s_transmitter
Compiling module xil_defaultlib.glbl
Built simulation snapshot tb_i2s_transmitter_behav
INFO: [USF-XSim-69] 'elaborate' step finished in '1' seconds
INFO: [USF-XSim-4] XSim::Simulate design
INFO: [USF-XSim-61] Executing 'SIMULATE' step in 'C:/Users/Alex/Desktop/FPGAmixer_main/FPGAmixer/vivado_project/FPGAmixer.sim/sim_1/behav/xsim'
INFO: [USF-XSim-98] *** Running xsim
   with args "tb_i2s_transmitter_behav -key {Behavioral:sim_1:Functional:tb_i2s_transmitter} -tclbatch {tb_i2s_transmitter.tcl} -log {simulate.log}"
INFO: [USF-XSim-8] Loading simulator feature
Time resolution is 1 ps
source tb_i2s_transmitter.tcl
## set curr_wave [current_wave_config]
## if { [string length $curr_wave] == 0 } {
##   if { [llength [get_objects]] > 0} {
##     add_wave /
##     set_property needs_save false [current_wave_config]
##   } else {
##      send_msg_id Add_Wave-1 WARNING "No top level signals found. Simulator will start without a wave window. If you want to open a wave window go to 'File->New Waveform Configuration' or type 'create_wave_config' in the TCL console."
##   }
## }
## run 1000ns

=== tb_i2s_transmitter ===
Reset released.
INFO: [USF-XSim-96] XSim completed. Design snapshot 'tb_i2s_transmitter_behav' loaded.
INFO: [USF-XSim-97] XSim simulation ran for 1000ns
launch_simulation: Time (s): cpu = 00:00:03 ; elapsed = 00:00:05 . Memory (MB): peak = 3142.066 ; gain = 0.000
Test 1: L=0xA5A5A5, R=0x5A5A5A
  [ok] captured L: 0xa5a5a5
  [FAIL] captured R: expected 0x5a5a5a, got 0x00b4b4
Test 2: L=0xFFFFFF, R=0x000000
  [ok] captured L: 0xffffff
  [ok] captured R: 0x000000
Test 3: L=0x123456, R=0xABCDEF
  [ok] captured L: 0x123456
  [FAIL] captured R: expected 0xabcdef, got 0x01579b

FAIL: tb_i2s_transmitter - 2 check(s) failed

$finish called at time : 78934500 ps : File "C:/Users/Alex/Desktop/FPGAmixer_main/FPGAmixer/src/sim/tb_i2s_transmitter.sv" Line 126
INFO: [Simtcl 6-16] Simulation closed

------------------------------------------------------------------
  Running tb_i2s_loopback
------------------------------------------------------------------
Command: launch_simulation  -mode behavioral
INFO: [Vivado 12-25911] Executing simulation for 'XSim' simulator
INFO: [Vivado 12-28535] Process started - Thu Aug  6 15:44:59 2026

INFO: [Vivado 12-12493] Simulation top is 'tb_i2s_loopback'
INFO: [Vivado 12-5698] Checking validity of IPs in the design for the 'XSim' simulator...
INFO: [Vivado 12-5682] Launching behavioral simulation in 'C:/Users/Alex/Desktop/FPGAmixer_main/FPGAmixer/vivado_project/FPGAmixer.sim/sim_1/behav/xsim'
INFO: [Vivado 12-4795] Using compiled simulation libraries for IPs
INFO: [SIM-utils-51] Simulation object is 'sim_1'
INFO: [SIM-utils-72] Using boost library from 'C:/AMDDesignTools/2026.1/Vivado/tps/boost_1_72_0'
INFO: [USF-XSim-7] Finding pre-compiled libraries...
INFO: [USF-XSim-11] File 'C:/AMDDesignTools/2026.1/Vivado/data/xsim/xsim.ini' copied to run dir:'C:/Users/Alex/Desktop/FPGAmixer_main/FPGAmixer/vivado_project/FPGAmixer.sim/sim_1/behav/xsim'
INFO: [SIM-utils-54] Inspecting design source files for 'tb_i2s_loopback' in fileset 'sim_1'...
INFO: [USF-XSim-97] Finding global include files...
INFO: [USF-XSim-98] Fetching design files from 'sim_1'...
INFO: [USF-XSim-2] XSim::Compile design
INFO: [USF-XSim-61] Executing 'COMPILE and ANALYZE' step in 'C:/Users/Alex/Desktop/FPGAmixer_main/FPGAmixer/vivado_project/FPGAmixer.sim/sim_1/behav/xsim'
"xvlog --incr --relax -L uvm -prj tb_i2s_loopback_vlog.prj"
INFO: [VRFC 10-2263] Analyzing SystemVerilog file "C:/Users/Alex/Desktop/FPGAmixer_main/FPGAmixer/src/sim/tb_i2s_loopback.sv" into library xil_defaultlib
INFO: [VRFC 10-311] analyzing module tb_i2s_loopback
INFO: [USF-XSim-69] 'compile' step finished in '1' seconds
INFO: [USF-XSim-3] XSim::Elaborate design
INFO: [USF-XSim-61] Executing 'ELABORATE' step in 'C:/Users/Alex/Desktop/FPGAmixer_main/FPGAmixer/vivado_project/FPGAmixer.sim/sim_1/behav/xsim'
"xelab --incr --debug typical --relax --mt 2 -L xil_defaultlib -L uvm -L unisims_ver -L unimacro_ver -L secureip -L xpm --snapshot tb_i2s_loopback_behav xil_defaultlib.tb_i2s_loopback xil_defaultlib.glbl -log elaborate.log"
Vivado Simulator v2026.1
Copyright 1986-2022 Xilinx, Inc. All Rights Reserved.
Copyright 2022-2026 Advanced Micro Devices, Inc. All Rights Reserved.
Running: C:/AMDDesignTools/2026.1/Vivado/bin/unwrapped/win64.o/xelab.exe --incr --debug typical --relax --mt 2 -L xil_defaultlib -L uvm -L unisims_ver -L unimacro_ver -L secureip -L xpm --snapshot tb_i2s_loopback_behav xil_defaultlib.tb_i2s_loopback xil_defaultlib.glbl -log elaborate.log 
INFO: [XSIM 43-3493] Using 2 slave threads.
Starting static elaboration
Pass Through NonSizing Optimizer
Completed static elaboration
Starting simulation data flow analysis
Completed simulation data flow analysis
Time Resolution for simulation is 1ps
Compiling module xil_defaultlib.i2s_clock_divider
Compiling module xil_defaultlib.i2s_receiver
Compiling module xil_defaultlib.i2s_transmitter
Compiling module xil_defaultlib.tb_i2s_loopback
Compiling module xil_defaultlib.glbl
Built simulation snapshot tb_i2s_loopback_behav
INFO: [USF-XSim-69] 'elaborate' step finished in '1' seconds
INFO: [USF-XSim-4] XSim::Simulate design
INFO: [USF-XSim-61] Executing 'SIMULATE' step in 'C:/Users/Alex/Desktop/FPGAmixer_main/FPGAmixer/vivado_project/FPGAmixer.sim/sim_1/behav/xsim'
INFO: [USF-XSim-98] *** Running xsim
   with args "tb_i2s_loopback_behav -key {Behavioral:sim_1:Functional:tb_i2s_loopback} -tclbatch {tb_i2s_loopback.tcl} -log {simulate.log}"
INFO: [USF-XSim-8] Loading simulator feature
Time resolution is 1 ps
source tb_i2s_loopback.tcl
## set curr_wave [current_wave_config]
## if { [string length $curr_wave] == 0 } {
##   if { [llength [get_objects]] > 0} {
##     add_wave /
##     set_property needs_save false [current_wave_config]
##   } else {
##      send_msg_id Add_Wave-1 WARNING "No top level signals found. Simulator will start without a wave window. If you want to open a wave window go to 'File->New Waveform Configuration' or type 'create_wave_config' in the TCL console."
##   }
## }
## run 1000ns

=== tb_i2s_loopback ===
INFO: [USF-XSim-96] XSim completed. Design snapshot 'tb_i2s_loopback_behav' loaded.
INFO: [USF-XSim-97] XSim simulation ran for 1000ns
launch_simulation: Time (s): cpu = 00:00:02 ; elapsed = 00:00:05 . Memory (MB): peak = 3142.066 ; gain = 0.000
Frame 0 (driven earlier):
  [FAIL] L round-trip: expected 0xa5a5a5, got 0x00014b
  [FAIL] R round-trip: expected 0x5a5a5a, got 0x969001
Frame 1 (driven earlier):
  [FAIL] L round-trip: expected 0xffffff, got 0xd2d2d0
  [FAIL] R round-trip: expected 0x000000, got 0x0fffff
Frame 2 (driven earlier):
  [FAIL] L round-trip: expected 0x123456, got 0xc00000
  [FAIL] R round-trip: expected 0xabcdef, got 0x000004

FAIL: tb_i2s_loopback - 6 check(s) failed

$finish called at time : 86062500 ps : File "C:/Users/Alex/Desktop/FPGAmixer_main/FPGAmixer/src/sim/tb_i2s_loopback.sv" Line 168
INFO: [Simtcl 6-16] Simulation closed
# puts ""

# puts "=================================================================="
==================================================================
# puts "  All testbenches complete."
  All testbenches complete.
# puts "  Look for 'PASS:' or 'FAIL:' lines above for each testbench."
  Look for 'PASS:' or 'FAIL:' lines above for each testbench.
# puts "=================================================================="
==================================================================
update_compile_order -fileset sim_1
WARNING: [filemgmt 56-199] Attempt to get parsing info during refresh. "On-the-fly" syntax checking information may be incorrect. [C:\Users\Alex\Desktop\FPGAmixer_main\FPGAmixer\src\sim\tb_i2s_receiver.sv:]
WARNING: [filemgmt 56-199] Attempt to get parsing info during refresh. "On-the-fly" syntax checking information may be incorrect. [C:\Users\Alex\Desktop\FPGAmixer_main\FPGAmixer\src\sim\tb_i2s_transmitter.sv:]
WARNING: [filemgmt 56-199] Attempt to get parsing info during refresh. "On-the-fly" syntax checking information may be incorrect. [C:\Users\Alex\Desktop\FPGAmixer_main\FPGAmixer\src\sim\tb_i2s_loopback.sv:]
WARNING: [filemgmt 56-199] Attempt to get parsing info during refresh. "On-the-fly" syntax checking information may be incorrect. [C:\Users\Alex\Desktop\FPGAmixer_main\FPGAmixer\src\rtl\phase2_top.sv:]
WARNING: [filemgmt 56-199] Attempt to get parsing info during refresh. "On-the-fly" syntax checking information may be incorrect. [C:\Users\Alex\Desktop\FPGAmixer_main\FPGAmixer\src\sim\tb_i2s_receiver.sv:]
WARNING: [filemgmt 56-199] Attempt to get parsing info during refresh. "On-the-fly" syntax checking information may be incorrect. [C:\Users\Alex\Desktop\FPGAmixer_main\FPGAmixer\src\sim\tb_i2s_receiver.sv:]
WARNING: [filemgmt 56-199] Attempt to get parsing info during refresh. "On-the-fly" syntax checking information may be incorrect. [C:\Users\Alex\Desktop\FPGAmixer_main\FPGAmixer\src\sim\tb_i2s_receiver.sv:]
WARNING: [filemgmt 56-199] Attempt to get parsing info during refresh. "On-the-fly" syntax checking information may be incorrect. [C:\Users\Alex\Desktop\FPGAmixer_main\FPGAmixer\src\sim\tb_i2s_transmitter.sv:]
WARNING: [filemgmt 56-199] Attempt to get parsing info during refresh. "On-the-fly" syntax checking information may be incorrect. [C:\Users\Alex\Desktop\FPGAmixer_main\FPGAmixer\src\sim\tb_i2s_loopback.sv:]
WARNING: [filemgmt 56-199] Attempt to get parsing info during refresh. "On-the-fly" syntax checking information may be incorrect. [C:\Users\Alex\Desktop\FPGAmixer_main\FPGAmixer\src\rtl\phase2_top.sv:]
WARNING: [filemgmt 56-199] Attempt to get parsing info during refresh. "On-the-fly" syntax checking information may be incorrect. [C:\Users\Alex\Desktop\FPGAmixer_main\FPGAmixer\src\sim\tb_i2s_loopback.sv:]
WARNING: [filemgmt 56-199] Attempt to get parsing info during refresh. "On-the-fly" syntax checking information may be incorrect. [C:\Users\Alex\Desktop\FPGAmixer_main\FPGAmixer\src\sim\tb_i2s_loopback.sv:]
ERROR: [Common 17-180] Spawn failed: The operation completed successfully.

exit
INFO: [Common 17-206] Exiting Vivado at Thu Aug  6 15:47:30 2026...
