
*** Running vivado
    with args -log phase1_top.vds -m64 -product Vivado -mode batch -messageDb vivado.pb -notrace -source phase1_top.tcl


INFO: [Common 17-3922] A valid Vivado Design Suite BASIC license has been detected. Your current license is active and will expire on 02-aug-2027.
#-----------------------------------------------------------
# Vivado v2026.1 (64-bit)
# SW Build 6511674 on Tue Jun 16 11:02:23 MDT 2026
# IP Build 6504888 on Tue Jun 09 09:05:25 MDT 2026
# SharedData Build 6501428 on Mon Jun 08 17:34:18 MDT 2026
# Start of session at: Wed Aug  5 16:07:15 2026
# Process ID         : 9356
# Current directory  : C:/Users/Alex/Desktop/FPGAmixer_main/FPGAmixer/vivado_project/FPGAmixer.runs/synth_1
# Command line       : vivado.exe -log phase1_top.vds -product Vivado -mode batch -messageDb vivado.pb -notrace -source phase1_top.tcl
# Log file           : C:/Users/Alex/Desktop/FPGAmixer_main/FPGAmixer/vivado_project/FPGAmixer.runs/synth_1/phase1_top.vds
# Journal file       : C:/Users/Alex/Desktop/FPGAmixer_main/FPGAmixer/vivado_project/FPGAmixer.runs/synth_1\vivado.jou
# Running On         : DESKTOP-3RVCKQ3
# Platform           : Windows 11
# Operating System   : 26100
# Processor Detail   : AMD Ryzen 7 4800H with Radeon Graphics         
# CPU Frequency      : 2894 MHz
# CPU Physical cores : 8
# CPU Logical cores  : 16
# Host memory        : 16505 MB
# Swap memory        : 9126 MB
# Total Virtual      : 25632 MB
# Available Virtual  : 14846 MB
#-----------------------------------------------------------

****** Vivado v2026.1 (64-bit)
  **** SW Build 6511674 on Tue Jun 16 11:02:23 MDT 2026
  **** IP Build 6504888 on Tue Jun 09 09:05:25 MDT 2026
  **** SharedData Build 6501428 on Mon Jun 08 17:34:18 MDT 2026
  **** Start of session at: Wed Aug  5 16:07:15 2026
    ** Copyright 1986-2022 Xilinx, Inc. All Rights Reserved.
    ** Copyright 2022-2026 Advanced Micro Devices, Inc. All Rights Reserved.

source phase1_top.tcl -notrace
create_project: Time (s): cpu = 00:00:11 ; elapsed = 00:00:07 . Memory (MB): peak = 583.227 ; gain = 269.918
Command: synth_design -top phase1_top -part xc7z020clg400-1
Starting synth_design
Attempting to get a license for feature 'Vivado_Synthesis' and/or device 'xc7z020'
INFO: [Common 17-349] Got license for feature 'Vivado_Synthesis' and/or device 'xc7z020'
INFO: [Device 21-403] Loading part xc7z020clg400-1
INFO: [Designutils 20-5008] Incremental synthesis strategy default
INFO: [Synth 8-7079] Multithreading enabled for synth_design using a maximum of 2 processes.
INFO: [Synth 8-7078] Launching helper process for spawning children vivado processes
INFO: [Synth 8-7075] Helper process launched with PID 656
---------------------------------------------------------------------------------
Starting RTL Elaboration : Time (s): cpu = 00:00:06 ; elapsed = 00:00:07 . Memory (MB): peak = 1402.605 ; gain = 577.402
---------------------------------------------------------------------------------
INFO: [Synth 8-6157] synthesizing module 'phase1_top' [C:/Users/Alex/Desktop/FPGAmixer_main/FPGAmixer/src/rtl/phase1_top.sv:35]
INFO: [Synth 8-6157] synthesizing module 'clk_wiz_audio' [C:/Users/Alex/Desktop/FPGAmixer_main/FPGAmixer/vivado_project/FPGAmixer.runs/synth_1/.Xil/Vivado-9356-DESKTOP-3RVCKQ3/realtime/clk_wiz_audio_stub.v:6]
INFO: [Synth 8-6155] done synthesizing module 'clk_wiz_audio' (0#1) [C:/Users/Alex/Desktop/FPGAmixer_main/FPGAmixer/vivado_project/FPGAmixer.runs/synth_1/.Xil/Vivado-9356-DESKTOP-3RVCKQ3/realtime/clk_wiz_audio_stub.v:6]
INFO: [Synth 8-6157] synthesizing module 'i2s_clock_divider' [C:/Users/Alex/Desktop/FPGAmixer_main/FPGAmixer/src/rtl/i2s_clock_divider.sv:19]
INFO: [Synth 8-6155] done synthesizing module 'i2s_clock_divider' (0#1) [C:/Users/Alex/Desktop/FPGAmixer_main/FPGAmixer/src/rtl/i2s_clock_divider.sv:19]
INFO: [Synth 8-6155] done synthesizing module 'phase1_top' (0#1) [C:/Users/Alex/Desktop/FPGAmixer_main/FPGAmixer/src/rtl/phase1_top.sv:35]
---------------------------------------------------------------------------------
Finished RTL Elaboration : Time (s): cpu = 00:00:08 ; elapsed = 00:00:09 . Memory (MB): peak = 1522.238 ; gain = 697.035
---------------------------------------------------------------------------------
---------------------------------------------------------------------------------
Start Handling Custom Attributes
---------------------------------------------------------------------------------
---------------------------------------------------------------------------------
Finished Handling Custom Attributes : Time (s): cpu = 00:00:08 ; elapsed = 00:00:09 . Memory (MB): peak = 1522.238 ; gain = 697.035
---------------------------------------------------------------------------------
---------------------------------------------------------------------------------
Finished RTL Optimization Phase 1 : Time (s): cpu = 00:00:08 ; elapsed = 00:00:09 . Memory (MB): peak = 1522.238 ; gain = 697.035
---------------------------------------------------------------------------------
Netlist sorting complete. Time (s): cpu = 00:00:00 ; elapsed = 00:00:00 . Memory (MB): peak = 1522.238 ; gain = 0.000
INFO: [Project 1-570] Preparing netlist for logic optimization

Processing XDC Constraints
Initializing timing engine
Parsing XDC File [c:/Users/Alex/Desktop/FPGAmixer_main/FPGAmixer/vivado_project/FPGAmixer.gen/sources_1/ip/clk_wiz_audio/clk_wiz_audio/clk_wiz_audio_in_context.xdc] for cell 'u_mmcm'
Finished Parsing XDC File [c:/Users/Alex/Desktop/FPGAmixer_main/FPGAmixer/vivado_project/FPGAmixer.gen/sources_1/ip/clk_wiz_audio/clk_wiz_audio/clk_wiz_audio_in_context.xdc] for cell 'u_mmcm'
Parsing XDC File [C:/Users/Alex/Desktop/FPGAmixer_main/FPGAmixer/constraints/phase1_arty_z7.xdc]
Finished Parsing XDC File [C:/Users/Alex/Desktop/FPGAmixer_main/FPGAmixer/constraints/phase1_arty_z7.xdc]
INFO: [Project 1-236] Implementation specific constraints were found while reading constraint file [C:/Users/Alex/Desktop/FPGAmixer_main/FPGAmixer/constraints/phase1_arty_z7.xdc]. These constraints will be ignored for synthesis but will be used in implementation. Impacted constraints are listed in the file [.Xil/phase1_top_propImpl.xdc].
Resolution: To avoid this warning, move constraints listed in [.Xil/phase1_top_propImpl.xdc] to another XDC file and exclude this new file from synthesis with the used_in_synthesis property (File Properties dialog in GUI) and re-run elaboration/synthesis.
Completed Processing XDC Constraints

Netlist sorting complete. Time (s): cpu = 00:00:00 ; elapsed = 00:00:00 . Memory (MB): peak = 1557.520 ; gain = 0.000
INFO: [Project 1-111] Unisim Transformation Summary:
No Unisim elements were transformed.

Constraint Validation Runtime : Time (s): cpu = 00:00:00 ; elapsed = 00:00:00.004 . Memory (MB): peak = 1558.297 ; gain = 0.000
---------------------------------------------------------------------------------
Finished Constraint Validation : Time (s): cpu = 00:00:18 ; elapsed = 00:00:18 . Memory (MB): peak = 1558.297 ; gain = 733.094
---------------------------------------------------------------------------------
---------------------------------------------------------------------------------
Start Loading Part and Timing Information
---------------------------------------------------------------------------------
Loading part: xc7z020clg400-1
---------------------------------------------------------------------------------
Finished Loading Part and Timing Information : Time (s): cpu = 00:00:18 ; elapsed = 00:00:18 . Memory (MB): peak = 1558.297 ; gain = 733.094
---------------------------------------------------------------------------------
---------------------------------------------------------------------------------
Start Applying 'set_property' XDC Constraints
---------------------------------------------------------------------------------
---------------------------------------------------------------------------------
Finished applying 'set_property' XDC Constraints : Time (s): cpu = 00:00:18 ; elapsed = 00:00:18 . Memory (MB): peak = 1558.297 ; gain = 733.094
---------------------------------------------------------------------------------
---------------------------------------------------------------------------------
Finished RTL Optimization Phase 2 : Time (s): cpu = 00:00:18 ; elapsed = 00:00:19 . Memory (MB): peak = 1558.297 ; gain = 733.094
---------------------------------------------------------------------------------
---------------------------------------------------------------------------------
Start RTL Component Statistics 
---------------------------------------------------------------------------------
Detailed RTL Component Info : 
+---Adders : 
	   2 Input    8 Bit       Adders := 1     
+---Registers : 
	                8 Bit    Registers := 1     
---------------------------------------------------------------------------------
Finished RTL Component Statistics 
---------------------------------------------------------------------------------
---------------------------------------------------------------------------------
Start Part Resource Summary
---------------------------------------------------------------------------------
Part Resources:
DSPs: 220 (col length:60)
BRAMs: 280 (col length: RAMB18 60 RAMB36 30)
---------------------------------------------------------------------------------
Finished Part Resource Summary
---------------------------------------------------------------------------------
---------------------------------------------------------------------------------
Start Cross Boundary and Area Optimization
---------------------------------------------------------------------------------
---------------------------------------------------------------------------------
Finished Cross Boundary and Area Optimization : Time (s): cpu = 00:00:20 ; elapsed = 00:00:21 . Memory (MB): peak = 1603.176 ; gain = 777.973
---------------------------------------------------------------------------------
---------------------------------------------------------------------------------
Start Applying XDC Timing Constraints
---------------------------------------------------------------------------------
---------------------------------------------------------------------------------
Finished Applying XDC Timing Constraints : Time (s): cpu = 00:00:26 ; elapsed = 00:00:27 . Memory (MB): peak = 1745.352 ; gain = 920.148
---------------------------------------------------------------------------------
---------------------------------------------------------------------------------
Start Timing Optimization
---------------------------------------------------------------------------------
---------------------------------------------------------------------------------
Finished Timing Optimization : Time (s): cpu = 00:00:26 ; elapsed = 00:00:27 . Memory (MB): peak = 1745.480 ; gain = 920.277
---------------------------------------------------------------------------------
---------------------------------------------------------------------------------
Start Technology Mapping
---------------------------------------------------------------------------------
---------------------------------------------------------------------------------
Finished Technology Mapping : Time (s): cpu = 00:00:26 ; elapsed = 00:00:27 . Memory (MB): peak = 1755.035 ; gain = 929.832
---------------------------------------------------------------------------------
---------------------------------------------------------------------------------
Start IO Insertion
---------------------------------------------------------------------------------
---------------------------------------------------------------------------------
Start Flattening Before IO Insertion
---------------------------------------------------------------------------------
---------------------------------------------------------------------------------
Finished Flattening Before IO Insertion
---------------------------------------------------------------------------------
---------------------------------------------------------------------------------
Start Final Netlist Cleanup
---------------------------------------------------------------------------------
---------------------------------------------------------------------------------
Finished Final Netlist Cleanup
---------------------------------------------------------------------------------
---------------------------------------------------------------------------------
Finished IO Insertion : Time (s): cpu = 00:00:34 ; elapsed = 00:00:35 . Memory (MB): peak = 2030.762 ; gain = 1205.559
---------------------------------------------------------------------------------
---------------------------------------------------------------------------------
Start Renaming Generated Instances
---------------------------------------------------------------------------------
---------------------------------------------------------------------------------
Finished Renaming Generated Instances : Time (s): cpu = 00:00:34 ; elapsed = 00:00:35 . Memory (MB): peak = 2030.762 ; gain = 1205.559
---------------------------------------------------------------------------------
---------------------------------------------------------------------------------
Start Rebuilding User Hierarchy
---------------------------------------------------------------------------------
---------------------------------------------------------------------------------
Finished Rebuilding User Hierarchy : Time (s): cpu = 00:00:34 ; elapsed = 00:00:35 . Memory (MB): peak = 2030.762 ; gain = 1205.559
---------------------------------------------------------------------------------
---------------------------------------------------------------------------------
Start Renaming Generated Ports
---------------------------------------------------------------------------------
---------------------------------------------------------------------------------
Finished Renaming Generated Ports : Time (s): cpu = 00:00:34 ; elapsed = 00:00:35 . Memory (MB): peak = 2030.762 ; gain = 1205.559
---------------------------------------------------------------------------------
---------------------------------------------------------------------------------
Start Handling Custom Attributes
---------------------------------------------------------------------------------
---------------------------------------------------------------------------------
Finished Handling Custom Attributes : Time (s): cpu = 00:00:34 ; elapsed = 00:00:35 . Memory (MB): peak = 2030.762 ; gain = 1205.559
---------------------------------------------------------------------------------
---------------------------------------------------------------------------------
Start Renaming Generated Nets
---------------------------------------------------------------------------------
---------------------------------------------------------------------------------
Finished Renaming Generated Nets : Time (s): cpu = 00:00:34 ; elapsed = 00:00:35 . Memory (MB): peak = 2030.762 ; gain = 1205.559
---------------------------------------------------------------------------------
---------------------------------------------------------------------------------
Start Writing Synthesis Report
---------------------------------------------------------------------------------

Report BlackBoxes: 
+------+--------------+----------+
|      |BlackBox name |Instances |
+------+--------------+----------+
|1     |clk_wiz_audio |         1|
+------+--------------+----------+

Report Cell Usage: 
+------+--------------+------+
|      |Cell          |Count |
+------+--------------+------+
|1     |clk_wiz_audio |     1|
|2     |LUT1          |     2|
|3     |LUT2          |     2|
|4     |LUT3          |     2|
|5     |LUT4          |     1|
|6     |LUT5          |     1|
|7     |LUT6          |     2|
|8     |FDCE          |     8|
|9     |IBUF          |     1|
|10    |OBUF          |     7|
+------+--------------+------+
---------------------------------------------------------------------------------
Finished Writing Synthesis Report : Time (s): cpu = 00:00:34 ; elapsed = 00:00:35 . Memory (MB): peak = 2030.762 ; gain = 1205.559
---------------------------------------------------------------------------------
Synthesis finished with 0 errors, 0 critical warnings and 0 warnings.
Synthesis Optimization Runtime : Time (s): cpu = 00:00:23 ; elapsed = 00:00:33 . Memory (MB): peak = 2030.762 ; gain = 1169.500
Synthesis Optimization Complete : Time (s): cpu = 00:00:34 ; elapsed = 00:00:35 . Memory (MB): peak = 2030.762 ; gain = 1205.559
INFO: [Project 1-571] Translating synthesized netlist
Netlist sorting complete. Time (s): cpu = 00:00:00 ; elapsed = 00:00:00.001 . Memory (MB): peak = 2039.895 ; gain = 0.000
INFO: [Project 1-570] Preparing netlist for logic optimization
INFO: [Opt 31-138] Pushed 0 inverter(s) to 0 load pin(s).
Netlist sorting complete. Time (s): cpu = 00:00:00 ; elapsed = 00:00:00 . Memory (MB): peak = 2043.559 ; gain = 0.000
INFO: [Project 1-111] Unisim Transformation Summary:
No Unisim elements were transformed.

Synth Design complete | Checksum: d5d45a2c
INFO: [Common 17-83] Releasing license: Vivado_Synthesis
20 Infos, 0 Warnings, 0 Critical Warnings and 0 Errors encountered.
synth_design completed successfully
synth_design: Time (s): cpu = 00:00:39 ; elapsed = 00:00:42 . Memory (MB): peak = 2043.559 ; gain = 1441.738
Write ShapeDB Complete: Time (s): cpu = 00:00:00 ; elapsed = 00:00:00.002 . Memory (MB): peak = 2043.559 ; gain = 0.000
INFO: [Common 17-1381] The checkpoint 'C:/Users/Alex/Desktop/FPGAmixer_main/FPGAmixer/vivado_project/FPGAmixer.runs/synth_1/phase1_top.dcp' has been generated.
INFO: [Vivado 12-24828] Executing command : report_utilization -file phase1_top_utilization_synth.rpt -pb phase1_top_utilization_synth.pb
INFO: [Common 17-206] Exiting Vivado at Wed Aug  5 16:08:09 2026...
