
*** Running vivado
    with args -log clk_wiz_audio.vds -m64 -product Vivado -mode batch -messageDb vivado.pb -notrace -source clk_wiz_audio.tcl


INFO: [Common 17-3922] A valid Vivado Design Suite BASIC license has been detected. Your current license is active and will expire on 02-aug-2027.
#-----------------------------------------------------------
# Vivado v2026.1 (64-bit)
# SW Build 6511674 on Tue Jun 16 11:02:23 MDT 2026
# IP Build 6504888 on Tue Jun 09 09:05:25 MDT 2026
# SharedData Build 6501428 on Mon Jun 08 17:34:18 MDT 2026
# Start of session at: Tue Aug 11 19:32:45 2026
# Process ID         : 13040
# Current directory  : C:/Users/Alex/Desktop/FPGAmixer_main/FPGAmixer/vivado_project/FPGAmixer.runs/clk_wiz_audio_synth_1
# Command line       : vivado.exe -log clk_wiz_audio.vds -product Vivado -mode batch -messageDb vivado.pb -notrace -source clk_wiz_audio.tcl
# Log file           : C:/Users/Alex/Desktop/FPGAmixer_main/FPGAmixer/vivado_project/FPGAmixer.runs/clk_wiz_audio_synth_1/clk_wiz_audio.vds
# Journal file       : C:/Users/Alex/Desktop/FPGAmixer_main/FPGAmixer/vivado_project/FPGAmixer.runs/clk_wiz_audio_synth_1\vivado.jou
# Running On         : DESKTOP-3RVCKQ3
# Platform           : Windows 11
# Operating System   : 26200
# Processor Detail   : AMD Ryzen 7 4800H with Radeon Graphics         
# CPU Frequency      : 2894 MHz
# CPU Physical cores : 8
# CPU Logical cores  : 16
# Host memory        : 16505 MB
# Swap memory        : 9126 MB
# Total Virtual      : 25632 MB
# Available Virtual  : 13206 MB
#-----------------------------------------------------------

****** Vivado v2026.1 (64-bit)
  **** SW Build 6511674 on Tue Jun 16 11:02:23 MDT 2026
  **** IP Build 6504888 on Tue Jun 09 09:05:25 MDT 2026
  **** SharedData Build 6501428 on Mon Jun 08 17:34:18 MDT 2026
  **** Start of session at: Tue Aug 11 19:32:45 2026
    ** Copyright 1986-2022 Xilinx, Inc. All Rights Reserved.
    ** Copyright 2022-2026 Advanced Micro Devices, Inc. All Rights Reserved.

source clk_wiz_audio.tcl -notrace
create_project: Time (s): cpu = 00:00:14 ; elapsed = 00:00:12 . Memory (MB): peak = 582.473 ; gain = 269.406
Command: synth_design -top clk_wiz_audio -part xc7z020clg400-1 -incremental_mode off -mode out_of_context
Starting synth_design
Attempting to get a license for feature 'Vivado_Synthesis' and/or device 'xc7z020'
INFO: [Common 17-349] Got license for feature 'Vivado_Synthesis' and/or device 'xc7z020'
INFO: [Device 21-403] Loading part xc7z020clg400-1
INFO: [Designutils 20-5008] Incremental synthesis strategy off
INFO: [Synth 8-7079] Multithreading enabled for synth_design using a maximum of 2 processes.
INFO: [Synth 8-7078] Launching helper process for spawning children vivado processes
INFO: [Synth 8-7075] Helper process launched with PID 3468
---------------------------------------------------------------------------------
Starting RTL Elaboration : Time (s): cpu = 00:00:07 ; elapsed = 00:00:07 . Memory (MB): peak = 1402.688 ; gain = 577.922
---------------------------------------------------------------------------------
INFO: [Synth 8-6157] synthesizing module 'clk_wiz_audio' [c:/Users/Alex/Desktop/FPGAmixer_main/FPGAmixer/vivado_project/FPGAmixer.gen/sources_1/ip/clk_wiz_audio/clk_wiz_audio.v:66]
INFO: [Synth 8-6157] synthesizing module 'clk_wiz_audio_clk_wiz' [c:/Users/Alex/Desktop/FPGAmixer_main/FPGAmixer/vivado_project/FPGAmixer.gen/sources_1/ip/clk_wiz_audio/clk_wiz_audio_clk_wiz.v:66]
INFO: [Synth 8-6157] synthesizing module 'IBUF' [C:/AMDDesignTools/2026.1/Vivado/scripts/rt/data/unisim_comp.v:82818]
INFO: [Synth 8-6155] done synthesizing module 'IBUF' (0#1) [C:/AMDDesignTools/2026.1/Vivado/scripts/rt/data/unisim_comp.v:82818]
INFO: [Synth 8-6157] synthesizing module 'MMCME2_ADV' [C:/AMDDesignTools/2026.1/Vivado/scripts/rt/data/unisim_comp.v:95724]
	Parameter BANDWIDTH bound to: OPTIMIZED - type: string 
	Parameter CLKFBOUT_MULT_F bound to: 4.275000e+01 - type: double 
	Parameter CLKFBOUT_PHASE bound to: 0.000000e+00 - type: double 
	Parameter CLKFBOUT_USE_FINE_PS bound to: FALSE - type: string 
	Parameter CLKIN1_PERIOD bound to: 8.000000e+00 - type: double 
	Parameter CLKOUT0_DIVIDE_F bound to: 6.212500e+01 - type: double 
	Parameter CLKOUT0_DUTY_CYCLE bound to: 5.000000e-01 - type: double 
	Parameter CLKOUT0_PHASE bound to: 0.000000e+00 - type: double 
	Parameter CLKOUT0_USE_FINE_PS bound to: FALSE - type: string 
	Parameter CLKOUT4_CASCADE bound to: FALSE - type: string 
	Parameter COMPENSATION bound to: ZHOLD - type: string 
	Parameter DIVCLK_DIVIDE bound to: 7 - type: integer 
	Parameter STARTUP_WAIT bound to: FALSE - type: string 
INFO: [Synth 8-6155] done synthesizing module 'MMCME2_ADV' (0#1) [C:/AMDDesignTools/2026.1/Vivado/scripts/rt/data/unisim_comp.v:95724]
INFO: [Synth 8-6157] synthesizing module 'BUFG' [C:/AMDDesignTools/2026.1/Vivado/scripts/rt/data/unisim_comp.v:2678]
INFO: [Synth 8-6155] done synthesizing module 'BUFG' (0#1) [C:/AMDDesignTools/2026.1/Vivado/scripts/rt/data/unisim_comp.v:2678]
INFO: [Synth 8-6155] done synthesizing module 'clk_wiz_audio_clk_wiz' (0#1) [c:/Users/Alex/Desktop/FPGAmixer_main/FPGAmixer/vivado_project/FPGAmixer.gen/sources_1/ip/clk_wiz_audio/clk_wiz_audio_clk_wiz.v:66]
INFO: [Synth 8-6155] done synthesizing module 'clk_wiz_audio' (0#1) [c:/Users/Alex/Desktop/FPGAmixer_main/FPGAmixer/vivado_project/FPGAmixer.gen/sources_1/ip/clk_wiz_audio/clk_wiz_audio.v:66]
---------------------------------------------------------------------------------
Finished RTL Elaboration : Time (s): cpu = 00:00:09 ; elapsed = 00:00:10 . Memory (MB): peak = 1523.742 ; gain = 698.977
---------------------------------------------------------------------------------
---------------------------------------------------------------------------------
Start Handling Custom Attributes
---------------------------------------------------------------------------------
---------------------------------------------------------------------------------
Finished Handling Custom Attributes : Time (s): cpu = 00:00:09 ; elapsed = 00:00:10 . Memory (MB): peak = 1523.742 ; gain = 698.977
---------------------------------------------------------------------------------
---------------------------------------------------------------------------------
Finished RTL Optimization Phase 1 : Time (s): cpu = 00:00:09 ; elapsed = 00:00:10 . Memory (MB): peak = 1523.742 ; gain = 698.977
---------------------------------------------------------------------------------
Netlist sorting complete. Time (s): cpu = 00:00:00 ; elapsed = 00:00:00 . Memory (MB): peak = 1523.742 ; gain = 0.000
INFO: [Netlist 29-17] Analyzing 1 Unisim elements for replacement
INFO: [Netlist 29-28] Unisim Transformation completed in 0 CPU seconds
INFO: [Project 1-570] Preparing netlist for logic optimization

Processing XDC Constraints
Initializing timing engine
Parsing XDC File [c:/Users/Alex/Desktop/FPGAmixer_main/FPGAmixer/vivado_project/FPGAmixer.gen/sources_1/ip/clk_wiz_audio/clk_wiz_audio_ooc.xdc] for cell 'inst'
Finished Parsing XDC File [c:/Users/Alex/Desktop/FPGAmixer_main/FPGAmixer/vivado_project/FPGAmixer.gen/sources_1/ip/clk_wiz_audio/clk_wiz_audio_ooc.xdc] for cell 'inst'
Parsing XDC File [c:/Users/Alex/Desktop/FPGAmixer_main/FPGAmixer/vivado_project/FPGAmixer.gen/sources_1/ip/clk_wiz_audio/clk_wiz_audio_board.xdc] for cell 'inst'
Finished Parsing XDC File [c:/Users/Alex/Desktop/FPGAmixer_main/FPGAmixer/vivado_project/FPGAmixer.gen/sources_1/ip/clk_wiz_audio/clk_wiz_audio_board.xdc] for cell 'inst'
Parsing XDC File [c:/Users/Alex/Desktop/FPGAmixer_main/FPGAmixer/vivado_project/FPGAmixer.gen/sources_1/ip/clk_wiz_audio/clk_wiz_audio.xdc] for cell 'inst'
Finished Parsing XDC File [c:/Users/Alex/Desktop/FPGAmixer_main/FPGAmixer/vivado_project/FPGAmixer.gen/sources_1/ip/clk_wiz_audio/clk_wiz_audio.xdc] for cell 'inst'
INFO: [Project 1-236] Implementation specific constraints were found while reading constraint file [c:/Users/Alex/Desktop/FPGAmixer_main/FPGAmixer/vivado_project/FPGAmixer.gen/sources_1/ip/clk_wiz_audio/clk_wiz_audio.xdc]. These constraints will be ignored for synthesis but will be used in implementation. Impacted constraints are listed in the file [.Xil/clk_wiz_audio_propImpl.xdc].
Resolution: To avoid this warning, move constraints listed in [.Xil/clk_wiz_audio_propImpl.xdc] to another XDC file and exclude this new file from synthesis with the used_in_synthesis property (File Properties dialog in GUI) and re-run elaboration/synthesis.
INFO: [Timing 38-2] Deriving generated clocks
Parsing XDC File [C:/Users/Alex/Desktop/FPGAmixer_main/FPGAmixer/vivado_project/FPGAmixer.runs/clk_wiz_audio_synth_1/dont_touch.xdc]
Finished Parsing XDC File [C:/Users/Alex/Desktop/FPGAmixer_main/FPGAmixer/vivado_project/FPGAmixer.runs/clk_wiz_audio_synth_1/dont_touch.xdc]
Completed Processing XDC Constraints

Netlist sorting complete. Time (s): cpu = 00:00:00 ; elapsed = 00:00:00 . Memory (MB): peak = 1523.742 ; gain = 0.000
INFO: [Project 1-111] Unisim Transformation Summary:
No Unisim elements were transformed.

Constraint Validation Runtime : Time (s): cpu = 00:00:00 ; elapsed = 00:00:00.020 . Memory (MB): peak = 1523.742 ; gain = 0.000
INFO: [Designutils 20-5008] Incremental synthesis strategy off
---------------------------------------------------------------------------------
Finished Constraint Validation : Time (s): cpu = 00:00:19 ; elapsed = 00:00:20 . Memory (MB): peak = 1523.742 ; gain = 698.977
---------------------------------------------------------------------------------
---------------------------------------------------------------------------------
Start Loading Part and Timing Information
---------------------------------------------------------------------------------
Loading part: xc7z020clg400-1
---------------------------------------------------------------------------------
Finished Loading Part and Timing Information : Time (s): cpu = 00:00:19 ; elapsed = 00:00:20 . Memory (MB): peak = 1523.742 ; gain = 698.977
---------------------------------------------------------------------------------
---------------------------------------------------------------------------------
Start Applying 'set_property' XDC Constraints
---------------------------------------------------------------------------------
---------------------------------------------------------------------------------
Finished applying 'set_property' XDC Constraints : Time (s): cpu = 00:00:19 ; elapsed = 00:00:20 . Memory (MB): peak = 1523.742 ; gain = 698.977
---------------------------------------------------------------------------------
---------------------------------------------------------------------------------
Finished RTL Optimization Phase 2 : Time (s): cpu = 00:00:19 ; elapsed = 00:00:20 . Memory (MB): peak = 1523.742 ; gain = 698.977
---------------------------------------------------------------------------------
---------------------------------------------------------------------------------
Start RTL Component Statistics 
---------------------------------------------------------------------------------
Detailed RTL Component Info : 
---------------------------------------------------------------------------------
Finished RTL Component Statistics 
---------------------------------------------------------------------------------
---------------------------------------------------------------------------------
Start Part Resource Summary
---------------------------------------------------------------------------------
Part Resources:
DSPs: 220 (col length:60)
BRAMs: 280 (col length: RAMB18 60 RAMB36 30)
---------------------------------------------------------------------------------
Finished Part Resource Summary
---------------------------------------------------------------------------------
---------------------------------------------------------------------------------
Start Cross Boundary and Area Optimization
---------------------------------------------------------------------------------
---------------------------------------------------------------------------------
Finished Cross Boundary and Area Optimization : Time (s): cpu = 00:00:21 ; elapsed = 00:00:23 . Memory (MB): peak = 1544.438 ; gain = 719.672
---------------------------------------------------------------------------------
---------------------------------------------------------------------------------
Start Applying XDC Timing Constraints
---------------------------------------------------------------------------------
---------------------------------------------------------------------------------
Finished Applying XDC Timing Constraints : Time (s): cpu = 00:00:28 ; elapsed = 00:00:29 . Memory (MB): peak = 1719.949 ; gain = 895.184
---------------------------------------------------------------------------------
---------------------------------------------------------------------------------
Start Timing Optimization
---------------------------------------------------------------------------------
---------------------------------------------------------------------------------
Finished Timing Optimization : Time (s): cpu = 00:00:28 ; elapsed = 00:00:29 . Memory (MB): peak = 1720.078 ; gain = 895.312
---------------------------------------------------------------------------------
---------------------------------------------------------------------------------
Start Technology Mapping
---------------------------------------------------------------------------------
---------------------------------------------------------------------------------
Finished Technology Mapping : Time (s): cpu = 00:00:28 ; elapsed = 00:00:29 . Memory (MB): peak = 1729.746 ; gain = 904.980
---------------------------------------------------------------------------------
---------------------------------------------------------------------------------
Start IO Insertion
---------------------------------------------------------------------------------
---------------------------------------------------------------------------------
Start Flattening Before IO Insertion
---------------------------------------------------------------------------------
---------------------------------------------------------------------------------
Finished Flattening Before IO Insertion
---------------------------------------------------------------------------------
---------------------------------------------------------------------------------
Start Final Netlist Cleanup
---------------------------------------------------------------------------------
---------------------------------------------------------------------------------
Finished Final Netlist Cleanup
---------------------------------------------------------------------------------
---------------------------------------------------------------------------------
Finished IO Insertion : Time (s): cpu = 00:00:35 ; elapsed = 00:00:36 . Memory (MB): peak = 2005.215 ; gain = 1180.449
---------------------------------------------------------------------------------
---------------------------------------------------------------------------------
Start Renaming Generated Instances
---------------------------------------------------------------------------------
---------------------------------------------------------------------------------
Finished Renaming Generated Instances : Time (s): cpu = 00:00:35 ; elapsed = 00:00:36 . Memory (MB): peak = 2005.215 ; gain = 1180.449
---------------------------------------------------------------------------------
---------------------------------------------------------------------------------
Start Rebuilding User Hierarchy
---------------------------------------------------------------------------------
---------------------------------------------------------------------------------
Finished Rebuilding User Hierarchy : Time (s): cpu = 00:00:35 ; elapsed = 00:00:36 . Memory (MB): peak = 2005.215 ; gain = 1180.449
---------------------------------------------------------------------------------
---------------------------------------------------------------------------------
Start Renaming Generated Ports
---------------------------------------------------------------------------------
---------------------------------------------------------------------------------
Finished Renaming Generated Ports : Time (s): cpu = 00:00:35 ; elapsed = 00:00:36 . Memory (MB): peak = 2005.215 ; gain = 1180.449
---------------------------------------------------------------------------------
---------------------------------------------------------------------------------
Start Handling Custom Attributes
---------------------------------------------------------------------------------
---------------------------------------------------------------------------------
Finished Handling Custom Attributes : Time (s): cpu = 00:00:35 ; elapsed = 00:00:36 . Memory (MB): peak = 2005.215 ; gain = 1180.449
---------------------------------------------------------------------------------
---------------------------------------------------------------------------------
Start Renaming Generated Nets
---------------------------------------------------------------------------------
---------------------------------------------------------------------------------
Finished Renaming Generated Nets : Time (s): cpu = 00:00:35 ; elapsed = 00:00:36 . Memory (MB): peak = 2005.215 ; gain = 1180.449
---------------------------------------------------------------------------------
---------------------------------------------------------------------------------
Start Writing Synthesis Report
---------------------------------------------------------------------------------

Report BlackBoxes: 
+-+--------------+----------+
| |BlackBox name |Instances |
+-+--------------+----------+
+-+--------------+----------+

Report Cell Usage: 
+------+-----------+------+
|      |Cell       |Count |
+------+-----------+------+
|1     |BUFG       |     2|
|2     |MMCME2_ADV |     1|
|3     |IBUF       |     1|
+------+-----------+------+
---------------------------------------------------------------------------------
Finished Writing Synthesis Report : Time (s): cpu = 00:00:35 ; elapsed = 00:00:36 . Memory (MB): peak = 2005.215 ; gain = 1180.449
---------------------------------------------------------------------------------
Synthesis finished with 0 errors, 0 critical warnings and 0 warnings.
Synthesis Optimization Runtime : Time (s): cpu = 00:00:24 ; elapsed = 00:00:34 . Memory (MB): peak = 2005.215 ; gain = 1180.449
Synthesis Optimization Complete : Time (s): cpu = 00:00:35 ; elapsed = 00:00:36 . Memory (MB): peak = 2005.215 ; gain = 1180.449
INFO: [Project 1-571] Translating synthesized netlist
Netlist sorting complete. Time (s): cpu = 00:00:00 ; elapsed = 00:00:00.001 . Memory (MB): peak = 2005.215 ; gain = 0.000
INFO: [Netlist 29-17] Analyzing 1 Unisim elements for replacement
INFO: [Netlist 29-28] Unisim Transformation completed in 0 CPU seconds
INFO: [Project 1-570] Preparing netlist for logic optimization
INFO: [Opt 31-138] Pushed 0 inverter(s) to 0 load pin(s).
Netlist sorting complete. Time (s): cpu = 00:00:00 ; elapsed = 00:00:00 . Memory (MB): peak = 2018.000 ; gain = 0.000
INFO: [Project 1-111] Unisim Transformation Summary:
No Unisim elements were transformed.

Synth Design complete | Checksum: 78c65b4e
INFO: [Common 17-83] Releasing license: Vivado_Synthesis
30 Infos, 0 Warnings, 0 Critical Warnings and 0 Errors encountered.
synth_design completed successfully
synth_design: Time (s): cpu = 00:00:41 ; elapsed = 00:00:44 . Memory (MB): peak = 2018.000 ; gain = 1417.293
Write ShapeDB Complete: Time (s): cpu = 00:00:00 ; elapsed = 00:00:00.001 . Memory (MB): peak = 2018.000 ; gain = 0.000
INFO: [Common 17-1381] The checkpoint 'C:/Users/Alex/Desktop/FPGAmixer_main/FPGAmixer/vivado_project/FPGAmixer.runs/clk_wiz_audio_synth_1/clk_wiz_audio.dcp' has been generated.
INFO: [Ipptcl 7-1612] Added synthesis output to IP cache for IP clk_wiz_audio, cache-ID = 43f1f39c9586ebff
Write ShapeDB Complete: Time (s): cpu = 00:00:00 ; elapsed = 00:00:00.002 . Memory (MB): peak = 2018.000 ; gain = 0.000
INFO: [Common 17-1381] The checkpoint 'C:/Users/Alex/Desktop/FPGAmixer_main/FPGAmixer/vivado_project/FPGAmixer.runs/clk_wiz_audio_synth_1/clk_wiz_audio.dcp' has been generated.
INFO: [Vivado 12-24828] Executing command : report_utilization -file clk_wiz_audio_utilization_synth.rpt -pb clk_wiz_audio_utilization_synth.pb
INFO: [Common 17-206] Exiting Vivado at Tue Aug 11 19:33:49 2026...
